motorDriverInterface.c:22:6:HAL_UART_RxCpltCallback	16	static
motorDriverInterface.c:34:13:MDI_writeCommand	16	static
motorDriverInterface.c:43:13:MDI_writeSmallData	16	static
motorDriverInterface.c:53:13:MDI_writeBigData	32	static
motorDriverInterface.c:68:6:MDI_2byteWriteData	24	static
motorDriverInterface.c:79:6:MDI_writeSmallDataWithRegister	16	static
motorDriverInterface.c:91:6:MDI_writeBigDataWithRegister	24	static
motorDriverInterface.c:105:6:MDI_readSmallDataWithRegister	24	static
motorDriverInterface.c:203:6:MDI_sendDataChannel1	32	static
motorDriverInterface.c:235:6:MDI_sendDataChannel1Ver2	48	static
motorDriverInterface.c:260:6:MDI_getDataChannel1	16	static
motorDriverInterface.c:287:6:MDI_getDataChannel1Ver2	16	static
motorDriverInterface.c:310:6:MDI_getDataChannel1Ver3	24	static
motorDriverInterface.c:355:6:MDI_getDataChannel1Ver4	32	static
motorDriverInterface.c:384:6:MDI_enableGetDataChannel1	8	static
motorDriverInterface.c:393:6:MDI_getDataChannel1_IT	32	static
motorDriverInterface.c:433:6:MDI_sendDataChannel2	32	static
motorDriverInterface.c:464:6:MDI_sendDataChannel2Ver2	48	static
motorDriverInterface.c:488:6:MDI_getDataChannel2	16	static
motorDriverInterface.c:515:6:MDI_getDataChannel2Ver2	16	static
motorDriverInterface.c:537:6:MDI_getDataChannel2Ver3	24	static
motorDriverInterface.c:581:6:MDI_getDataChannel2Ver4	32	static
motorDriverInterface.c:611:6:MDI_enableGetDataChannel2	8	static
motorDriverInterface.c:619:6:MDI_getDataChannel2_IT	32	static
motorDriverInterface.c:661:9:getDriver1kd	4	static
motorDriverInterface.c:664:9:getDriver1ki	4	static
motorDriverInterface.c:667:9:getDriver1kp	4	static
motorDriverInterface.c:670:9:getDriver1factor	4	static
motorDriverInterface.c:673:10:getDriver1angle	4	static
motorDriverInterface.c:677:9:getDriver2kd	4	static
motorDriverInterface.c:680:9:getDriver2ki	4	static
motorDriverInterface.c:683:9:getDriver2kp	4	static
motorDriverInterface.c:686:9:getDriver2factor	4	static
motorDriverInterface.c:689:10:getDriver2angle	4	static
motorDriverInterface.c:693:14:getDriver1ReceiveVal	16	static
motorDriverInterface.c:696:14:getDriver2ReceiveVal	16	static
