Archive member included to satisfy reference by file (symbol)

/opt/st/stm32cubeide_1.5.1/plugins/com.st.stm32cube.ide.mcu.externaltools.gnu-tools-for-stm32.7-2018-q2-update.linux64_1.5.0.202011040924/tools/bin/../lib/gcc/arm-none-eabi/7.3.1/../../../../arm-none-eabi/lib/thumb/v7e-m/fpv4-sp/hard/libc_nano.a(lib_a-errno.o)
                              Core/Src/syscalls.o (__errno)
/opt/st/stm32cubeide_1.5.1/plugins/com.st.stm32cube.ide.mcu.externaltools.gnu-tools-for-stm32.7-2018-q2-update.linux64_1.5.0.202011040924/tools/bin/../lib/gcc/arm-none-eabi/7.3.1/../../../../arm-none-eabi/lib/thumb/v7e-m/fpv4-sp/hard/libc_nano.a(lib_a-exit.o)
                              /opt/st/stm32cubeide_1.5.1/plugins/com.st.stm32cube.ide.mcu.externaltools.gnu-tools-for-stm32.7-2018-q2-update.linux64_1.5.0.202011040924/tools/bin/../lib/gcc/arm-none-eabi/7.3.1/../../../../arm-none-eabi/lib/thumb/v7e-m/fpv4-sp/hard/crt0.o (exit)
/opt/st/stm32cubeide_1.5.1/plugins/com.st.stm32cube.ide.mcu.externaltools.gnu-tools-for-stm32.7-2018-q2-update.linux64_1.5.0.202011040924/tools/bin/../lib/gcc/arm-none-eabi/7.3.1/../../../../arm-none-eabi/lib/thumb/v7e-m/fpv4-sp/hard/libc_nano.a(lib_a-impure.o)
                              /opt/st/stm32cubeide_1.5.1/plugins/com.st.stm32cube.ide.mcu.externaltools.gnu-tools-for-stm32.7-2018-q2-update.linux64_1.5.0.202011040924/tools/bin/../lib/gcc/arm-none-eabi/7.3.1/../../../../arm-none-eabi/lib/thumb/v7e-m/fpv4-sp/hard/libc_nano.a(lib_a-exit.o) (_global_impure_ptr)
/opt/st/stm32cubeide_1.5.1/plugins/com.st.stm32cube.ide.mcu.externaltools.gnu-tools-for-stm32.7-2018-q2-update.linux64_1.5.0.202011040924/tools/bin/../lib/gcc/arm-none-eabi/7.3.1/../../../../arm-none-eabi/lib/thumb/v7e-m/fpv4-sp/hard/libc_nano.a(lib_a-init.o)
                              /opt/st/stm32cubeide_1.5.1/plugins/com.st.stm32cube.ide.mcu.externaltools.gnu-tools-for-stm32.7-2018-q2-update.linux64_1.5.0.202011040924/tools/bin/../lib/gcc/arm-none-eabi/7.3.1/../../../../arm-none-eabi/lib/thumb/v7e-m/fpv4-sp/hard/crt0.o (__libc_init_array)
/opt/st/stm32cubeide_1.5.1/plugins/com.st.stm32cube.ide.mcu.externaltools.gnu-tools-for-stm32.7-2018-q2-update.linux64_1.5.0.202011040924/tools/bin/../lib/gcc/arm-none-eabi/7.3.1/../../../../arm-none-eabi/lib/thumb/v7e-m/fpv4-sp/hard/libc_nano.a(lib_a-memcpy-stub.o)
                              Middlewares/Third_Party/FreeRTOS/Source/CMSIS_RTOS_V2/cmsis_os2.o (memcpy)
/opt/st/stm32cubeide_1.5.1/plugins/com.st.stm32cube.ide.mcu.externaltools.gnu-tools-for-stm32.7-2018-q2-update.linux64_1.5.0.202011040924/tools/bin/../lib/gcc/arm-none-eabi/7.3.1/../../../../arm-none-eabi/lib/thumb/v7e-m/fpv4-sp/hard/libc_nano.a(lib_a-memset.o)
                              /opt/st/stm32cubeide_1.5.1/plugins/com.st.stm32cube.ide.mcu.externaltools.gnu-tools-for-stm32.7-2018-q2-update.linux64_1.5.0.202011040924/tools/bin/../lib/gcc/arm-none-eabi/7.3.1/../../../../arm-none-eabi/lib/thumb/v7e-m/fpv4-sp/hard/crt0.o (memset)
/opt/st/stm32cubeide_1.5.1/plugins/com.st.stm32cube.ide.mcu.externaltools.gnu-tools-for-stm32.7-2018-q2-update.linux64_1.5.0.202011040924/tools/bin/../lib/gcc/arm-none-eabi/7.3.1/../../../../arm-none-eabi/lib/thumb/v7e-m/fpv4-sp/hard/libc_nano.a(lib_a-sprintf.o)
                              lcdDriver/lcdDriverInterface.o (sprintf)
/opt/st/stm32cubeide_1.5.1/plugins/com.st.stm32cube.ide.mcu.externaltools.gnu-tools-for-stm32.7-2018-q2-update.linux64_1.5.0.202011040924/tools/bin/../lib/gcc/arm-none-eabi/7.3.1/../../../../arm-none-eabi/lib/thumb/v7e-m/fpv4-sp/hard/libc_nano.a(lib_a-strlen.o)
                              lcdDriver/lcd_i2cModule.o (strlen)
/opt/st/stm32cubeide_1.5.1/plugins/com.st.stm32cube.ide.mcu.externaltools.gnu-tools-for-stm32.7-2018-q2-update.linux64_1.5.0.202011040924/tools/bin/../lib/gcc/arm-none-eabi/7.3.1/../../../../arm-none-eabi/lib/thumb/v7e-m/fpv4-sp/hard/libc_nano.a(lib_a-nano-svfprintf.o)
                              /opt/st/stm32cubeide_1.5.1/plugins/com.st.stm32cube.ide.mcu.externaltools.gnu-tools-for-stm32.7-2018-q2-update.linux64_1.5.0.202011040924/tools/bin/../lib/gcc/arm-none-eabi/7.3.1/../../../../arm-none-eabi/lib/thumb/v7e-m/fpv4-sp/hard/libc_nano.a(lib_a-sprintf.o) (_svfprintf_r)
/opt/st/stm32cubeide_1.5.1/plugins/com.st.stm32cube.ide.mcu.externaltools.gnu-tools-for-stm32.7-2018-q2-update.linux64_1.5.0.202011040924/tools/bin/../lib/gcc/arm-none-eabi/7.3.1/../../../../arm-none-eabi/lib/thumb/v7e-m/fpv4-sp/hard/libc_nano.a(lib_a-nano-vfprintf_i.o)
                              /opt/st/stm32cubeide_1.5.1/plugins/com.st.stm32cube.ide.mcu.externaltools.gnu-tools-for-stm32.7-2018-q2-update.linux64_1.5.0.202011040924/tools/bin/../lib/gcc/arm-none-eabi/7.3.1/../../../../arm-none-eabi/lib/thumb/v7e-m/fpv4-sp/hard/libc_nano.a(lib_a-nano-svfprintf.o) (_printf_i)
[...]
Memory Configuration

Name             Origin             Length             Attributes
CCMRAM           0x0000000010000000 0x0000000000010000 xrw
RAM              0x0000000020000000 0x0000000000020000 xrw
FLASH            0x0000000008000000 0x0000000000100000 xr
*default*        0x0000000000000000 0xffffffffffffffff

Linker script and memory map

LOAD /opt/st/stm32cubeide_1.5.1/plugins/com.st.stm32cube.ide.mcu.externaltools.gnu-tools-for-stm32.7-2018-q2-update.linux64_1.5.0.202011040924/tools/bin/../lib/gcc/arm-none-eabi/7.3.1/thumb/v7e-m/fpv4-sp/hard/crti.o
LOAD /opt/st/stm32cubeide_1.5.1/plugins/com.st.stm32cube.ide.mcu.externaltools.gnu-tools-for-stm32.7-2018-q2-update.linux64_1.5.0.202011040924/tools/bin/../lib/gcc/arm-none-eabi/7.3.1/thumb/v7e-m/fpv4-sp/hard/crtbegin.o
LOAD /opt/st/stm32cubeide_1.5.1/plugins/com.st.stm32cube.ide.mcu.externaltools.gnu-tools-for-stm32.7-2018-q2-update.linux64_1.5.0.202011040924/tools/bin/../lib/gcc/arm-none-eabi/7.3.1/../../../../arm-none-eabi/lib/thumb/v7e-m/fpv4-sp/hard/crt0.o
LOAD ComputerInterface/ComputerInterface.o
LOAD Core/Src/freertos.o
LOAD Core/Src/main.o
LOAD Core/Src/stm32f4xx_hal_msp.o
LOAD Core/Src/stm32f4xx_hal_timebase_tim.o
LOAD Core/Src/stm32f4xx_it.o
LOAD Core/Src/syscalls.o
LOAD Core/Src/sysmem.o
LOAD Core/Src/system_stm32f4xx.o
LOAD Core/Startup/startup_stm32f407vgtx.o
LOAD Drivers/STM32F4xx_HAL_Driver/Src/stm32f4xx_hal.o
LOAD Drivers/STM32F4xx_HAL_Driver/Src/stm32f4xx_hal_adc.o
LOAD Drivers/STM32F4xx_HAL_Driver/Src/stm32f4xx_hal_adc_ex.o
LOAD Drivers/STM32F4xx_HAL_Driver/Src/stm32f4xx_hal_cortex.o
LOAD Drivers/STM32F4xx_HAL_Driver/Src/stm32f4xx_hal_dma.o
LOAD Drivers/STM32F4xx_HAL_Driver/Src/stm32f4xx_hal_dma_ex.o
LOAD Drivers/STM32F4xx_HAL_Driver/Src/stm32f4xx_hal_exti.o
LOAD Drivers/STM32F4xx_HAL_Driver/Src/stm32f4xx_hal_flash.o
LOAD Drivers/STM32F4xx_HAL_Driver/Src/stm32f4xx_hal_flash_ex.o
LOAD Drivers/STM32F4xx_HAL_Driver/Src/stm32f4xx_hal_flash_ramfunc.o
LOAD Drivers/STM32F4xx_HAL_Driver/Src/stm32f4xx_hal_gpio.o
LOAD Drivers/STM32F4xx_HAL_Driver/Src/stm32f4xx_hal_i2c.o
LOAD Drivers/STM32F4xx_HAL_Driver/Src/stm32f4xx_hal_i2c_ex.o
LOAD Drivers/STM32F4xx_HAL_Driver/Src/stm32f4xx_hal_pwr.o
LOAD Drivers/STM32F4xx_HAL_Driver/Src/stm32f4xx_hal_pwr_ex.o
LOAD Drivers/STM32F4xx_HAL_Driver/Src/stm32f4xx_hal_rcc.o
LOAD Drivers/STM32F4xx_HAL_Driver/Src/stm32f4xx_hal_rcc_ex.o
LOAD Drivers/STM32F4xx_HAL_Driver/Src/stm32f4xx_hal_tim.o
LOAD Drivers/STM32F4xx_HAL_Driver/Src/stm32f4xx_hal_tim_ex.o
LOAD Drivers/STM32F4xx_HAL_Driver/Src/stm32f4xx_hal_uart.o
LOAD Middlewares/Third_Party/FreeRTOS/Source/CMSIS_RTOS_V2/cmsis_os2.o
LOAD Middlewares/Third_Party/FreeRTOS/Source/croutine.o
LOAD Middlewares/Third_Party/FreeRTOS/Source/event_groups.o
LOAD Middlewares/Third_Party/FreeRTOS/Source/list.o
LOAD Middlewares/Third_Party/FreeRTOS/Source/queue.o
LOAD Middlewares/Third_Party/FreeRTOS/Source/stream_buffer.o
LOAD Middlewares/Third_Party/FreeRTOS/Source/tasks.o
LOAD Middlewares/Third_Party/FreeRTOS/Source/timers.o
LOAD Middlewares/Third_Party/FreeRTOS/Source/portable/GCC/ARM_CM4F/port.o
LOAD Middlewares/Third_Party/FreeRTOS/Source/portable/MemMang/heap_4.o
LOAD analogValuesController/analogValuesController.o
LOAD buttonController/buttonController.o
LOAD lcdDriver/lcdDriverInterface.o
LOAD lcdDriver/lcd_i2cModule.o
LOAD motorDriverInterface/motorDriverInterface.o
LOAD taskManagerInterface/taskManagerInterface.o
START GROUP
LOAD /opt/st/stm32cubeide_1.5.1/plugins/com.st.stm32cube.ide.mcu.externaltools.gnu-tools-for-stm32.7-2018-q2-update.linux64_1.5.0.202011040924/tools/bin/../lib/gcc/arm-none-eabi/7.3.1/../../../../arm-none-eabi/lib/thumb/v7e-m/fpv4-sp/hard/libc_nano.a
LOAD /opt/st/stm32cubeide_1.5.1/plugins/com.st.stm32cube.ide.mcu.externaltools.gnu-tools-for-stm32.7-2018-q2-update.linux64_1.5.0.202011040924/tools/bin/../lib/gcc/arm-none-eabi/7.3.1/../../../../arm-none-eabi/lib/thumb/v7e-m/fpv4-sp/hard/libm.a
END GROUP
START GROUP
LOAD /opt/st/stm32cubeide_1.5.1/plugins/com.st.stm32cube.ide.mcu.externaltools.gnu-tools-for-stm32.7-2018-q2-update.linux64_1.5.0.202011040924/tools/bin/../lib/gcc/arm-none-eabi/7.3.1/thumb/v7e-m/fpv4-sp/hard/libgcc.a
LOAD /opt/st/stm32cubeide_1.5.1/plugins/com.st.stm32cube.ide.mcu.externaltools.gnu-tools-for-stm32.7-2018-q2-update.linux64_1.5.0.202011040924/tools/bin/../lib/gcc/arm-none-eabi/7.3.1/../../../../arm-none-eabi/lib/thumb/v7e-m/fpv4-sp/hard/libc_nano.a
END GROUP
START GROUP
LOAD /opt/st/stm32cubeide_1.5.1/plugins/com.st.stm32cube.ide.mcu.externaltools.gnu-tools-for-stm32.7-2018-q2-update.linux64_1.5.0.202011040924/tools/bin/../lib/gcc/arm-none-eabi/7.3.1/thumb/v7e-m/fpv4-sp/hard/libgcc.a
LOAD /opt/st/stm32cubeide_1.5.1/plugins/com.st.stm32cube.ide.mcu.externaltools.gnu-tools-for-stm32.7-2018-q2-update.linux64_1.5.0.202011040924/tools/bin/../lib/gcc/arm-none-eabi/7.3.1/../../../../arm-none-eabi/lib/thumb/v7e-m/fpv4-sp/hard/libc_nano.a
LOAD /opt/st/stm32cubeide_1.5.1/plugins/com.st.stm32cube.ide.mcu.externaltools.gnu-tools-for-stm32.7-2018-q2-update.linux64_1.5.0.202011040924/tools/bin/../lib/gcc/arm-none-eabi/7.3.1/../../../../arm-none-eabi/lib/thumb/v7e-m/fpv4-sp/hard/libnosys.a
END GROUP
START GROUP
LOAD /opt/st/stm32cubeide_1.5.1/plugins/com.st.stm32cube.ide.mcu.externaltools.gnu-tools-for-stm32.7-2018-q2-update.linux64_1.5.0.202011040924/tools/bin/../lib/gcc/arm-none-eabi/7.3.1/thumb/v7e-m/fpv4-sp/hard/libgcc.a
LOAD /opt/st/stm32cubeide_1.5.1/plugins/com.st.stm32cube.ide.mcu.externaltools.gnu-tools-for-stm32.7-2018-q2-update.linux64_1.5.0.202011040924/tools/bin/../lib/gcc/arm-none-eabi/7.3.1/../../../../arm-none-eabi/lib/thumb/v7e-m/fpv4-sp/hard/libc_nano.a
LOAD /opt/st/stm32cubeide_1.5.1/plugins/com.st.stm32cube.ide.mcu.externaltools.gnu-tools-for-stm32.7-2018-q2-update.linux64_1.5.0.202011040924/tools/bin/../lib/gcc/arm-none-eabi/7.3.1/../../../../arm-none-eabi/lib/thumb/v7e-m/fpv4-sp/hard/libnosys.a
END GROUP
LOAD /opt/st/stm32cubeide_1.5.1/plugins/com.st.stm32cube.ide.mcu.externaltools.gnu-tools-for-stm32.7-2018-q2-update.linux64_1.5.0.202011040924/tools/bin/../lib/gcc/arm-none-eabi/7.3.1/thumb/v7e-m/fpv4-sp/hard/crtend.o
LOAD /opt/st/stm32cubeide_1.5.1/plugins/com.st.stm32cube.ide.mcu.externaltools.gnu-tools-for-stm32.7-2018-q2-update.linux64_1.5.0.202011040924/tools/bin/../lib/gcc/arm-none-eabi/7.3.1/thumb/v7e-m/fpv4-sp/hard/crtn.o
                0x0000000020020000                _estack = (ORIGIN (RAM) + LENGTH (RAM))
                0x0000000000000200                _Min_Heap_Size = 0x200
                0x0000000000000400                _Min_Stack_Size = 0x400

.isr_vector     0x0000000008000000      0x188
                0x0000000008000000                . = ALIGN (0x4)
 *(.isr_vector)
 .isr_vector    0x0000000008000000      0x188 Core/Startup/startup_stm32f407vgtx.o
                0x0000000008000000                g_pfnVectors
                0x0000000008000188                . = ALIGN (0x4)

.text           0x0000000008000190     0x9e88
                0x0000000008000190                . = ALIGN (0x4)
 *(.text)
 .text          0x0000000008000190       0x40 /opt/st/stm32cubeide_1.5.1/plugins/com.st.stm32cube.ide.mcu.externaltools.gnu-tools-for-stm32.7-2018-q2-update.linux64_1.5.0.202011040924/tools/bin/../lib/gcc/arm-none-eabi/7.3.1/thumb/v7e-m/fpv4-sp/hard/crtbegin.o
 .text          0x00000000080001d0       0x10 /opt/st/stm32cubeide_1.5.1/plugins/com.st.stm32cube.ide.mcu.externaltools.gnu-tools-for-stm32.7-2018-q2-update.linux64_1.5.0.202011040924/tools/bin/../lib/gcc/arm-none-eabi/7.3.1/../../../../arm-none-eabi/lib/thumb/v7e-m/fpv4-sp/hard/libc_nano.a(lib_a-strlen.o)
                0x00000000080001d0                strlen
 .text          0x00000000080001e0       0xa0 /opt/st/stm32cubeide_1.5.1/plugins/com.st.stm32cube.ide.mcu.externaltools.gnu-tools-for-stm32.7-2018-q2-update.linux64_1.5.0.202011040924/tools/bin/../lib/gcc/arm-none-eabi/7.3.1/../../../../arm-none-eabi/lib/thumb/v7e-m/fpv4-sp/hard/libc_nano.a(lib_a-memchr.o)
                0x00000000080001e0                memchr
 .text          0x0000000008000280      0x378 /opt/st/stm32cubeide_1.5.1/plugins/com.st.stm32cube.ide.mcu.externaltools.gnu-tools-for-stm32.7-2018-q2-update.linux64_1.5.0.202011040924/tools/bin/../lib/gcc/arm-none-eabi/7.3.1/thumb/v7e-m/fpv4-sp/hard/libgcc.a(_arm_addsubdf3.o)
                0x0000000008000280                __aeabi_drsub
                0x0000000008000288                __aeabi_dsub
                0x0000000008000288                __subdf3
                0x000000000800028c                __adddf3
                0x000000000800028c                __aeabi_dadd
                0x0000000008000504                __aeabi_ui2d
                0x0000000008000504                __floatunsidf
                0x0000000008000524                __floatsidf
                0x0000000008000524                __aeabi_i2d
                0x0000000008000548                __extendsfdf2
                0x0000000008000548                __aeabi_f2d
                0x000000000800058c                __aeabi_ul2d
                0x000000000800058c                __floatundidf
                0x000000000800059c                __floatdidf
                0x000000000800059c                __aeabi_l2d
 .text          0x00000000080005f8       0x50 /opt/st/stm32cubeide_1.5.1/plugins/com.st.stm32cube.ide.mcu.externaltools.gnu-tools-for-stm32.7-2018-q2-update.linux64_1.5.0.202011040924/tools/bin/../lib/gcc/arm-none-eabi/7.3.1/thumb/v7e-m/fpv4-sp/hard/libgcc.a(_arm_fixdfsi.o)
                0x00000000080005f8                __fixdfsi
                0x00000000080005f8                __aeabi_d2iz
 .text          0x0000000008000648       0x30 /opt/st/stm32cubeide_1.5.1/plugins/com.st.stm32cube.ide.mcu.externaltools.gnu-tools-for-stm32.7-2018-q2-update.linux64_1.5.0.202011040924/tools/bin/../lib/gcc/arm-none-eabi/7.3.1/thumb/v7e-m/fpv4-sp/hard/libgcc.a(_aeabi_uldivmod.o)
                0x0000000008000648                __aeabi_uldivmod
 .text          0x0000000008000678      0x2cc /opt/st/stm32cubeide_1.5.1/plugins/com.st.stm32cube.ide.mcu.externaltools.gnu-tools-for-stm32.7-2018-q2-update.linux64_1.5.0.202011040924/tools/bin/../lib/gcc/arm-none-eabi/7.3.1/thumb/v7e-m/fpv4-sp/hard/libgcc.a(_udivmoddi4.o)
                0x0000000008000678                __udivmoddi4
 .text          0x0000000008000944        0x4 /opt/st/stm32cubeide_1.5.1/plugins/com.st.stm32cube.ide.mcu.externaltools.gnu-tools-for-stm32.7-2018-q2-update.linux64_1.5.0.202011040924/tools/bin/../lib/gcc/arm-none-eabi/7.3.1/thumb/v7e-m/fpv4-sp/hard/libgcc.a(_dvmd_tls.o)
                0x0000000008000944                __aeabi_ldiv0
                0x0000000008000944                __aeabi_idiv0
 *(.text*)
 .text.CI_writeSmallDataWithRegister
                0x0000000008000948       0x40 ComputerInterface/ComputerInterface.o
                0x0000000008000948                CI_writeSmallDataWithRegister
 .text.CI_sendDataChannel
                0x0000000008000988      0x114 ComputerInterface/ComputerInterface.o
                0x0000000008000988                CI_sendDataChannel
 *fill*         0x0000000008000a9c        0x4 
 .text.testCIsend
                0x0000000008000aa0       0x74 ComputerInterface/ComputerInterface.o
                0x0000000008000aa0                testCIsend
 .text.CI_enableGetDataChannel
                0x0000000008000b14       0x1c ComputerInterface/ComputerInterface.o
                0x0000000008000b14                CI_enableGetDataChannel
 .text.CI_getDataChannel_IT
                0x0000000008000b30      0x100 ComputerInterface/ComputerInterface.o
                0x0000000008000b30                CI_getDataChannel_IT
 .text.main     0x0000000008000c30       0x36 Core/Src/main.o
                0x0000000008000c30                main
 *fill*         0x0000000008000c66        0x2 
 .text.SystemClock_Config
                0x0000000008000c68       0xd4 Core/Src/main.o
                0x0000000008000c68                SystemClock_Config
 .text.MX_ADC1_Init
                0x0000000008000d3c       0xa4 Core/Src/main.o
 .text.MX_ADC2_Init
                0x0000000008000de0       0xa4 Core/Src/main.o
 .text.MX_I2C1_Init
                0x0000000008000e84       0x5c Core/Src/main.o
 .text.MX_I2C2_Init
                0x0000000008000ee0       0x5c Core/Src/main.o
 .text.MX_TIM2_Init
                0x0000000008000f3c       0x98 Core/Src/main.o
 .text.MX_UART4_Init
                0x0000000008000fd4       0x54 Core/Src/main.o
 .text.MX_UART5_Init
                0x0000000008001028       0x54 Core/Src/main.o
 .text.MX_USART1_UART_Init
                0x000000000800107c       0x54 Core/Src/main.o
 .text.MX_GPIO_Init
                0x00000000080010d0       0xe8 Core/Src/main.o
 .text.HAL_TIM_PeriodElapsedCallback
                0x00000000080011b8       0x24 Core/Src/main.o
                0x00000000080011b8                HAL_TIM_PeriodElapsedCallback
 .text.Error_Handler
                0x00000000080011dc        0x8 Core/Src/main.o
                0x00000000080011dc                Error_Handler
 .text.HAL_MspInit
                0x00000000080011e4       0x58 Core/Src/stm32f4xx_hal_msp.o
                0x00000000080011e4                HAL_MspInit
 .text.HAL_ADC_MspInit
                0x000000000800123c       0xe8 Core/Src/stm32f4xx_hal_msp.o
                0x000000000800123c                HAL_ADC_MspInit
 .text.HAL_I2C_MspInit
                0x0000000008001324       0xf8 Core/Src/stm32f4xx_hal_msp.o
                0x0000000008001324                HAL_I2C_MspInit
 .text.HAL_TIM_Base_MspInit
                0x000000000800141c       0x4c Core/Src/stm32f4xx_hal_msp.o
                0x000000000800141c                HAL_TIM_Base_MspInit
 .text.HAL_UART_MspInit
                0x0000000008001468      0x1d8 Core/Src/stm32f4xx_hal_msp.o
                0x0000000008001468                HAL_UART_MspInit
 .text.HAL_InitTick
                0x0000000008001640       0xb4 Core/Src/stm32f4xx_hal_timebase_tim.o
                0x0000000008001640                HAL_InitTick
 .text.NMI_Handler
                0x00000000080016f4        0x6 Core/Src/stm32f4xx_it.o
                0x00000000080016f4                NMI_Handler
 .text.HardFault_Handler
                0x00000000080016fa        0x6 Core/Src/stm32f4xx_it.o
                0x00000000080016fa                HardFault_Handler
 .text.MemManage_Handler
                0x0000000008001700        0x6 Core/Src/stm32f4xx_it.o
                0x0000000008001700                MemManage_Handler
 .text.BusFault_Handler
                0x0000000008001706        0x6 Core/Src/stm32f4xx_it.o
                0x0000000008001706                BusFault_Handler
 .text.UsageFault_Handler
                0x000000000800170c        0x6 Core/Src/stm32f4xx_it.o
                0x000000000800170c                UsageFault_Handler
 .text.DebugMon_Handler
                0x0000000008001712        0xe Core/Src/stm32f4xx_it.o
                0x0000000008001712                DebugMon_Handler
 .text.TIM1_UP_TIM10_IRQHandler
                0x0000000008001720       0x14 Core/Src/stm32f4xx_it.o
                0x0000000008001720                TIM1_UP_TIM10_IRQHandler
 .text.TIM2_IRQHandler
                0x0000000008001734       0x14 Core/Src/stm32f4xx_it.o
                0x0000000008001734                TIM2_IRQHandler
 .text.USART1_IRQHandler
                0x0000000008001748       0x14 Core/Src/stm32f4xx_it.o
                0x0000000008001748                USART1_IRQHandler
 .text.UART4_IRQHandler
                0x000000000800175c       0x14 Core/Src/stm32f4xx_it.o
                0x000000000800175c                UART4_IRQHandler
 .text.UART5_IRQHandler
                0x0000000008001770       0x14 Core/Src/stm32f4xx_it.o
                0x0000000008001770                UART5_IRQHandler
 .text._sbrk    0x0000000008001784       0x6c Core/Src/sysmem.o
                0x0000000008001784                _sbrk
 .text.SystemInit
                0x00000000080017f0       0x2c Core/Src/system_stm32f4xx.o
                0x00000000080017f0                SystemInit
 .text.Reset_Handler
                0x000000000800181c       0x50 Core/Startup/startup_stm32f407vgtx.o
                0x000000000800181c                Reset_Handler
 .text.Default_Handler
                0x000000000800186c        0x2 Core/Startup/startup_stm32f407vgtx.o
                0x000000000800186c                RTC_Alarm_IRQHandler
                0x000000000800186c                HASH_RNG_IRQHandler
                0x000000000800186c                EXTI2_IRQHandler
                0x000000000800186c                TIM8_CC_IRQHandler
                0x000000000800186c                TIM1_CC_IRQHandler
                0x000000000800186c                DMA2_Stream5_IRQHandler
                0x000000000800186c                DMA1_Stream5_IRQHandler
                0x000000000800186c                PVD_IRQHandler
                0x000000000800186c                SDIO_IRQHandler
                0x000000000800186c                TAMP_STAMP_IRQHandler
                0x000000000800186c                CAN2_RX1_IRQHandler
                0x000000000800186c                EXTI3_IRQHandler
                0x000000000800186c                TIM8_TRG_COM_TIM14_IRQHandler
                0x000000000800186c                TIM8_UP_TIM13_IRQHandler
                0x000000000800186c                I2C3_ER_IRQHandler
                0x000000000800186c                EXTI0_IRQHandler
                0x000000000800186c                I2C2_EV_IRQHandler
                0x000000000800186c                DMA1_Stream2_IRQHandler
                0x000000000800186c                CAN1_RX0_IRQHandler
                0x000000000800186c                FPU_IRQHandler
                0x000000000800186c                OTG_HS_WKUP_IRQHandler
                0x000000000800186c                CAN2_SCE_IRQHandler
                0x000000000800186c                DMA2_Stream2_IRQHandler
                0x000000000800186c                SPI1_IRQHandler
                0x000000000800186c                TIM6_DAC_IRQHandler
                0x000000000800186c                TIM1_BRK_TIM9_IRQHandler
                0x000000000800186c                DCMI_IRQHandler
                0x000000000800186c                CAN2_RX0_IRQHandler
                0x000000000800186c                DMA2_Stream3_IRQHandler
                0x000000000800186c                USART6_IRQHandler
                0x000000000800186c                USART3_IRQHandler
                0x000000000800186c                CAN1_RX1_IRQHandler
                0x000000000800186c                DMA2_Stream0_IRQHandler
                0x000000000800186c                TIM4_IRQHandler
                0x000000000800186c                I2C1_EV_IRQHandler
                0x000000000800186c                DMA1_Stream6_IRQHandler
                0x000000000800186c                DMA1_Stream1_IRQHandler
                0x000000000800186c                TIM3_IRQHandler
                0x000000000800186c                RCC_IRQHandler
                0x000000000800186c                TIM8_BRK_TIM12_IRQHandler
                0x000000000800186c                Default_Handler
                0x000000000800186c                EXTI15_10_IRQHandler
                0x000000000800186c                ADC_IRQHandler
                0x000000000800186c                DMA1_Stream7_IRQHandler
                0x000000000800186c                TIM7_IRQHandler
                0x000000000800186c                CAN2_TX_IRQHandler
                0x000000000800186c                TIM5_IRQHandler
                0x000000000800186c                DMA2_Stream7_IRQHandler
                0x000000000800186c                I2C3_EV_IRQHandler
                0x000000000800186c                EXTI9_5_IRQHandler
                0x000000000800186c                RTC_WKUP_IRQHandler
                0x000000000800186c                ETH_WKUP_IRQHandler
                0x000000000800186c                SPI2_IRQHandler
                0x000000000800186c                OTG_HS_EP1_IN_IRQHandler
                0x000000000800186c                DMA1_Stream0_IRQHandler
                0x000000000800186c                CAN1_TX_IRQHandler
                0x000000000800186c                EXTI4_IRQHandler
                0x000000000800186c                FSMC_IRQHandler
                0x000000000800186c                ETH_IRQHandler
                0x000000000800186c                OTG_HS_EP1_OUT_IRQHandler
                0x000000000800186c                WWDG_IRQHandler
                0x000000000800186c                OTG_FS_WKUP_IRQHandler
                0x000000000800186c                TIM1_TRG_COM_TIM11_IRQHandler
                0x000000000800186c                OTG_HS_IRQHandler
                0x000000000800186c                EXTI1_IRQHandler
                0x000000000800186c                USART2_IRQHandler
                0x000000000800186c                I2C2_ER_IRQHandler
                0x000000000800186c                DMA2_Stream1_IRQHandler
                0x000000000800186c                CAN1_SCE_IRQHandler
                0x000000000800186c                FLASH_IRQHandler
                0x000000000800186c                DMA2_Stream4_IRQHandler
                0x000000000800186c                OTG_FS_IRQHandler
                0x000000000800186c                SPI3_IRQHandler
                0x000000000800186c                DMA1_Stream4_IRQHandler
                0x000000000800186c                I2C1_ER_IRQHandler
                0x000000000800186c                DMA2_Stream6_IRQHandler
                0x000000000800186c                DMA1_Stream3_IRQHandler
 *fill*         0x000000000800186e        0x2 
 .text.HAL_Init
                0x0000000008001870       0x44 Drivers/STM32F4xx_HAL_Driver/Src/stm32f4xx_hal.o
                0x0000000008001870                HAL_Init
 .text.HAL_IncTick
                0x00000000080018b4       0x28 Drivers/STM32F4xx_HAL_Driver/Src/stm32f4xx_hal.o
                0x00000000080018b4                HAL_IncTick
 .text.HAL_GetTick
                0x00000000080018dc       0x18 Drivers/STM32F4xx_HAL_Driver/Src/stm32f4xx_hal.o
                0x00000000080018dc                HAL_GetTick
 .text.HAL_Delay
                0x00000000080018f4       0x44 Drivers/STM32F4xx_HAL_Driver/Src/stm32f4xx_hal.o
                0x00000000080018f4                HAL_Delay
 .text.HAL_ADC_Init
                0x0000000008001938       0x86 Drivers/STM32F4xx_HAL_Driver/Src/stm32f4xx_hal_adc.o
                0x0000000008001938                HAL_ADC_Init
 *fill*         0x00000000080019be        0x2 
 .text.HAL_ADC_Start
                0x00000000080019c0      0x18c Drivers/STM32F4xx_HAL_Driver/Src/stm32f4xx_hal_adc.o
                0x00000000080019c0                HAL_ADC_Start
 .text.HAL_ADC_Stop
                0x0000000008001b4c       0x66 Drivers/STM32F4xx_HAL_Driver/Src/stm32f4xx_hal_adc.o
                0x0000000008001b4c                HAL_ADC_Stop
 .text.HAL_ADC_PollForConversion
                0x0000000008001bb2      0x108 Drivers/STM32F4xx_HAL_Driver/Src/stm32f4xx_hal_adc.o
                0x0000000008001bb2                HAL_ADC_PollForConversion
 .text.HAL_ADC_GetValue
                0x0000000008001cba       0x1a Drivers/STM32F4xx_HAL_Driver/Src/stm32f4xx_hal_adc.o
                0x0000000008001cba                HAL_ADC_GetValue
 .text.HAL_ADC_ConfigChannel
                0x0000000008001cd4      0x244 Drivers/STM32F4xx_HAL_Driver/Src/stm32f4xx_hal_adc.o
                0x0000000008001cd4                HAL_ADC_ConfigChannel
 .text.ADC_Init
                0x0000000008001f18      0x1f8 Drivers/STM32F4xx_HAL_Driver/Src/stm32f4xx_hal_adc.o
 .text.__NVIC_SetPriorityGrouping
                0x0000000008002110       0x48 Drivers/STM32F4xx_HAL_Driver/Src/stm32f4xx_hal_cortex.o
 .text.__NVIC_GetPriorityGrouping
                0x0000000008002158       0x1c Drivers/STM32F4xx_HAL_Driver/Src/stm32f4xx_hal_cortex.o
 .text.__NVIC_EnableIRQ
                0x0000000008002174       0x3c Drivers/STM32F4xx_HAL_Driver/Src/stm32f4xx_hal_cortex.o
 .text.__NVIC_SetPriority
                0x00000000080021b0       0x54 Drivers/STM32F4xx_HAL_Driver/Src/stm32f4xx_hal_cortex.o
 .text.NVIC_EncodePriority
                0x0000000008002204       0x66 Drivers/STM32F4xx_HAL_Driver/Src/stm32f4xx_hal_cortex.o
 .text.HAL_NVIC_SetPriorityGrouping
                0x000000000800226a       0x16 Drivers/STM32F4xx_HAL_Driver/Src/stm32f4xx_hal_cortex.o
                0x000000000800226a                HAL_NVIC_SetPriorityGrouping
 .text.HAL_NVIC_SetPriority
                0x0000000008002280       0x38 Drivers/STM32F4xx_HAL_Driver/Src/stm32f4xx_hal_cortex.o
                0x0000000008002280                HAL_NVIC_SetPriority
 .text.HAL_NVIC_EnableIRQ
                0x00000000080022b8       0x1c Drivers/STM32F4xx_HAL_Driver/Src/stm32f4xx_hal_cortex.o
                0x00000000080022b8                HAL_NVIC_EnableIRQ
 .text.HAL_DMA_Abort_IT
                0x00000000080022d4       0x44 Drivers/STM32F4xx_HAL_Driver/Src/stm32f4xx_hal_dma.o
                0x00000000080022d4                HAL_DMA_Abort_IT
 .text.HAL_GPIO_Init
                0x0000000008002318      0x334 Drivers/STM32F4xx_HAL_Driver/Src/stm32f4xx_hal_gpio.o
                0x0000000008002318                HAL_GPIO_Init
 .text.HAL_GPIO_ReadPin
                0x000000000800264c       0x30 Drivers/STM32F4xx_HAL_Driver/Src/stm32f4xx_hal_gpio.o
                0x000000000800264c                HAL_GPIO_ReadPin
 .text.HAL_I2C_Init
                0x000000000800267c      0x270 Drivers/STM32F4xx_HAL_Driver/Src/stm32f4xx_hal_i2c.o
                0x000000000800267c                HAL_I2C_Init
 .text.HAL_I2C_Master_Transmit
                0x00000000080028ec      0x1fc Drivers/STM32F4xx_HAL_Driver/Src/stm32f4xx_hal_i2c.o
                0x00000000080028ec                HAL_I2C_Master_Transmit
 .text.HAL_I2C_IsDeviceReady
                0x0000000008002ae8      0x25c Drivers/STM32F4xx_HAL_Driver/Src/stm32f4xx_hal_i2c.o
                0x0000000008002ae8                HAL_I2C_IsDeviceReady
 .text.I2C_MasterRequestWrite
                0x0000000008002d44      0x104 Drivers/STM32F4xx_HAL_Driver/Src/stm32f4xx_hal_i2c.o
 .text.I2C_WaitOnFlagUntilTimeout
                0x0000000008002e48       0xae Drivers/STM32F4xx_HAL_Driver/Src/stm32f4xx_hal_i2c.o
 .text.I2C_WaitOnMasterAddressFlagUntilTimeout
                0x0000000008002ef6       0xfe Drivers/STM32F4xx_HAL_Driver/Src/stm32f4xx_hal_i2c.o
 .text.I2C_WaitOnTXEFlagUntilTimeout
                0x0000000008002ff4       0x82 Drivers/STM32F4xx_HAL_Driver/Src/stm32f4xx_hal_i2c.o
 .text.I2C_WaitOnBTFFlagUntilTimeout
                0x0000000008003076       0x82 Drivers/STM32F4xx_HAL_Driver/Src/stm32f4xx_hal_i2c.o
 .text.I2C_IsAcknowledgeFailed
                0x00000000080030f8       0x5e Drivers/STM32F4xx_HAL_Driver/Src/stm32f4xx_hal_i2c.o
 *fill*         0x0000000008003156        0x2 
 .text.HAL_RCC_OscConfig
                0x0000000008003158      0x4e0 Drivers/STM32F4xx_HAL_Driver/Src/stm32f4xx_hal_rcc.o
                0x0000000008003158                HAL_RCC_OscConfig
 .text.HAL_RCC_ClockConfig
                0x0000000008003638      0x1cc Drivers/STM32F4xx_HAL_Driver/Src/stm32f4xx_hal_rcc.o
                0x0000000008003638                HAL_RCC_ClockConfig
 .text.HAL_RCC_GetSysClockFreq
                0x0000000008003804      0x1b0 Drivers/STM32F4xx_HAL_Driver/Src/stm32f4xx_hal_rcc.o
                0x0000000008003804                HAL_RCC_GetSysClockFreq
 .text.HAL_RCC_GetHCLKFreq
                0x00000000080039b4       0x18 Drivers/STM32F4xx_HAL_Driver/Src/stm32f4xx_hal_rcc.o
                0x00000000080039b4                HAL_RCC_GetHCLKFreq
 .text.HAL_RCC_GetPCLK1Freq
                0x00000000080039cc       0x28 Drivers/STM32F4xx_HAL_Driver/Src/stm32f4xx_hal_rcc.o
                0x00000000080039cc                HAL_RCC_GetPCLK1Freq
 .text.HAL_RCC_GetPCLK2Freq
                0x00000000080039f4       0x28 Drivers/STM32F4xx_HAL_Driver/Src/stm32f4xx_hal_rcc.o
                0x00000000080039f4                HAL_RCC_GetPCLK2Freq
 .text.HAL_RCC_GetClockConfig
                0x0000000008003a1c       0x64 Drivers/STM32F4xx_HAL_Driver/Src/stm32f4xx_hal_rcc.o
                0x0000000008003a1c                HAL_RCC_GetClockConfig
 .text.HAL_TIM_Base_Init
                0x0000000008003a80       0x56 Drivers/STM32F4xx_HAL_Driver/Src/stm32f4xx_hal_tim.o
                0x0000000008003a80                HAL_TIM_Base_Init
 .text.HAL_TIM_Base_Start_IT
                0x0000000008003ad6       0x48 Drivers/STM32F4xx_HAL_Driver/Src/stm32f4xx_hal_tim.o
                0x0000000008003ad6                HAL_TIM_Base_Start_IT
 .text.HAL_TIM_IRQHandler
                0x0000000008003b1e      0x210 Drivers/STM32F4xx_HAL_Driver/Src/stm32f4xx_hal_tim.o
                0x0000000008003b1e                HAL_TIM_IRQHandler
 .text.HAL_TIM_ConfigClockSource
                0x0000000008003d2e      0x16e Drivers/STM32F4xx_HAL_Driver/Src/stm32f4xx_hal_tim.o
                0x0000000008003d2e                HAL_TIM_ConfigClockSource
 .text.HAL_TIM_OC_DelayElapsedCallback
                0x0000000008003e9c       0x14 Drivers/STM32F4xx_HAL_Driver/Src/stm32f4xx_hal_tim.o
                0x0000000008003e9c                HAL_TIM_OC_DelayElapsedCallback
 .text.HAL_TIM_IC_CaptureCallback
                0x0000000008003eb0       0x14 Drivers/STM32F4xx_HAL_Driver/Src/stm32f4xx_hal_tim.o
                0x0000000008003eb0                HAL_TIM_IC_CaptureCallback
 .text.HAL_TIM_PWM_PulseFinishedCallback
                0x0000000008003ec4       0x14 Drivers/STM32F4xx_HAL_Driver/Src/stm32f4xx_hal_tim.o
                0x0000000008003ec4                HAL_TIM_PWM_PulseFinishedCallback
 .text.HAL_TIM_TriggerCallback
                0x0000000008003ed8       0x14 Drivers/STM32F4xx_HAL_Driver/Src/stm32f4xx_hal_tim.o
                0x0000000008003ed8                HAL_TIM_TriggerCallback
 .text.TIM_Base_SetConfig
                0x0000000008003eec      0x140 Drivers/STM32F4xx_HAL_Driver/Src/stm32f4xx_hal_tim.o
                0x0000000008003eec                TIM_Base_SetConfig
 .text.TIM_TI1_ConfigInputStage
                0x000000000800402c       0x5e Drivers/STM32F4xx_HAL_Driver/Src/stm32f4xx_hal_tim.o
 .text.TIM_TI2_ConfigInputStage
                0x000000000800408a       0x60 Drivers/STM32F4xx_HAL_Driver/Src/stm32f4xx_hal_tim.o
 .text.TIM_ITRx_SetConfig
                0x00000000080040ea       0x36 Drivers/STM32F4xx_HAL_Driver/Src/stm32f4xx_hal_tim.o
 .text.TIM_ETR_SetConfig
                0x0000000008004120       0x40 Drivers/STM32F4xx_HAL_Driver/Src/stm32f4xx_hal_tim.o
                0x0000000008004120                TIM_ETR_SetConfig
 .text.HAL_TIMEx_MasterConfigSynchronization
                0x0000000008004160       0xf8 Drivers/STM32F4xx_HAL_Driver/Src/stm32f4xx_hal_tim_ex.o
                0x0000000008004160                HAL_TIMEx_MasterConfigSynchronization
 .text.HAL_TIMEx_CommutCallback
                0x0000000008004258       0x14 Drivers/STM32F4xx_HAL_Driver/Src/stm32f4xx_hal_tim_ex.o
                0x0000000008004258                HAL_TIMEx_CommutCallback
 .text.HAL_TIMEx_BreakCallback
                0x000000000800426c       0x14 Drivers/STM32F4xx_HAL_Driver/Src/stm32f4xx_hal_tim_ex.o
                0x000000000800426c                HAL_TIMEx_BreakCallback
 .text.HAL_UART_Init
                0x0000000008004280       0x9a Drivers/STM32F4xx_HAL_Driver/Src/stm32f4xx_hal_uart.o
                0x0000000008004280                HAL_UART_Init
 .text.HAL_UART_Receive_IT
                0x000000000800431a       0xaa Drivers/STM32F4xx_HAL_Driver/Src/stm32f4xx_hal_uart.o
                0x000000000800431a                HAL_UART_Receive_IT
 .text.HAL_UART_IRQHandler
                0x00000000080043c4      0x200 Drivers/STM32F4xx_HAL_Driver/Src/stm32f4xx_hal_uart.o
                0x00000000080043c4                HAL_UART_IRQHandler
 .text.HAL_UART_TxCpltCallback
                0x00000000080045c4       0x14 Drivers/STM32F4xx_HAL_Driver/Src/stm32f4xx_hal_uart.o
                0x00000000080045c4                HAL_UART_TxCpltCallback
 .text.HAL_UART_ErrorCallback
                0x00000000080045d8       0x14 Drivers/STM32F4xx_HAL_Driver/Src/stm32f4xx_hal_uart.o
                0x00000000080045d8                HAL_UART_ErrorCallback
 .text.UART_EndRxTransfer
                0x00000000080045ec       0x3c Drivers/STM32F4xx_HAL_Driver/Src/stm32f4xx_hal_uart.o
 .text.UART_DMAAbortOnError
                0x0000000008004628       0x28 Drivers/STM32F4xx_HAL_Driver/Src/stm32f4xx_hal_uart.o
 .text.UART_Transmit_IT
                0x0000000008004650       0xac Drivers/STM32F4xx_HAL_Driver/Src/stm32f4xx_hal_uart.o
 .text.UART_EndTransmit_IT
                0x00000000080046fc       0x30 Drivers/STM32F4xx_HAL_Driver/Src/stm32f4xx_hal_uart.o
 .text.UART_Receive_IT
                0x000000000800472c      0x102 Drivers/STM32F4xx_HAL_Driver/Src/stm32f4xx_hal_uart.o
 *fill*         0x000000000800482e        0x2 
 .text.UART_SetConfig
                0x0000000008004830      0x6f8 Drivers/STM32F4xx_HAL_Driver/Src/stm32f4xx_hal_uart.o
 .text.vApplicationGetIdleTaskMemory
                0x0000000008004f28       0x34 Middlewares/Third_Party/FreeRTOS/Source/CMSIS_RTOS_V2/cmsis_os2.o
                0x0000000008004f28                vApplicationGetIdleTaskMemory
 .text.vApplicationGetTimerTaskMemory
                0x0000000008004f5c       0x34 Middlewares/Third_Party/FreeRTOS/Source/CMSIS_RTOS_V2/cmsis_os2.o
                0x0000000008004f5c                vApplicationGetTimerTaskMemory
 .text.vListInitialise
                0x0000000008004f90       0x40 Middlewares/Third_Party/FreeRTOS/Source/list.o
                0x0000000008004f90                vListInitialise
 .text.vListInitialiseItem
                0x0000000008004fd0       0x1a Middlewares/Third_Party/FreeRTOS/Source/list.o
                0x0000000008004fd0                vListInitialiseItem
 .text.vListInsertEnd
                0x0000000008004fea       0x48 Middlewares/Third_Party/FreeRTOS/Source/list.o
                0x0000000008004fea                vListInsertEnd
 .text.vListInsert
                0x0000000008005032       0x72 Middlewares/Third_Party/FreeRTOS/Source/list.o
                0x0000000008005032                vListInsert
 .text.uxListRemove
                0x00000000080050a4       0x54 Middlewares/Third_Party/FreeRTOS/Source/list.o
                0x00000000080050a4                uxListRemove
 .text.xQueueGenericReset
                0x00000000080050f8       0xd0 Middlewares/Third_Party/FreeRTOS/Source/queue.o
                0x00000000080050f8                xQueueGenericReset
 .text.xQueueGenericCreateStatic
                0x00000000080051c8       0xe6 Middlewares/Third_Party/FreeRTOS/Source/queue.o
                0x00000000080051c8                xQueueGenericCreateStatic
 .text.xQueueGenericCreate
                0x00000000080052ae       0x7e Middlewares/Third_Party/FreeRTOS/Source/queue.o
                0x00000000080052ae                xQueueGenericCreate
 .text.prvInitialiseNewQueue
                0x000000000800532c       0x46 Middlewares/Third_Party/FreeRTOS/Source/queue.o
 *fill*         0x0000000008005372        0x2 
 .text.xQueueGenericSend
                0x0000000008005374      0x1f4 Middlewares/Third_Party/FreeRTOS/Source/queue.o
                0x0000000008005374                xQueueGenericSend
 .text.xQueueGenericSendFromISR
                0x0000000008005568      0x128 Middlewares/Third_Party/FreeRTOS/Source/queue.o
                0x0000000008005568                xQueueGenericSendFromISR
 .text.xQueueReceive
                0x0000000008005690      0x1b8 Middlewares/Third_Party/FreeRTOS/Source/queue.o
                0x0000000008005690                xQueueReceive
 .text.xQueueSemaphoreTake
                0x0000000008005848      0x210 Middlewares/Third_Party/FreeRTOS/Source/queue.o
                0x0000000008005848                xQueueSemaphoreTake
 .text.prvGetDisinheritPriorityAfterTimeout
                0x0000000008005a58       0x30 Middlewares/Third_Party/FreeRTOS/Source/queue.o
 .text.prvCopyDataToQueue
                0x0000000008005a88       0xd4 Middlewares/Third_Party/FreeRTOS/Source/queue.o
 .text.prvCopyDataFromQueue
                0x0000000008005b5c       0x4c Middlewares/Third_Party/FreeRTOS/Source/queue.o
 .text.prvUnlockQueue
                0x0000000008005ba8       0xa4 Middlewares/Third_Party/FreeRTOS/Source/queue.o
 .text.prvIsQueueEmpty
                0x0000000008005c4c       0x2c Middlewares/Third_Party/FreeRTOS/Source/queue.o
 .text.prvIsQueueFull
                0x0000000008005c78       0x30 Middlewares/Third_Party/FreeRTOS/Source/queue.o
 .text.vQueueAddToRegistry
                0x0000000008005ca8       0x50 Middlewares/Third_Party/FreeRTOS/Source/queue.o
                0x0000000008005ca8                vQueueAddToRegistry
 .text.vQueueWaitForMessageRestricted
                0x0000000008005cf8       0x68 Middlewares/Third_Party/FreeRTOS/Source/queue.o
                0x0000000008005cf8                vQueueWaitForMessageRestricted
 .text.xTaskCreateStatic
                0x0000000008005d60       0xb4 Middlewares/Third_Party/FreeRTOS/Source/tasks.o
                0x0000000008005d60                xTaskCreateStatic
 .text.xTaskCreate
                0x0000000008005e14       0x8a Middlewares/Third_Party/FreeRTOS/Source/tasks.o
                0x0000000008005e14                xTaskCreate
 .text.prvInitialiseNewTask
                0x0000000008005e9e      0x11c Middlewares/Third_Party/FreeRTOS/Source/tasks.o
 *fill*         0x0000000008005fba        0x2 
 .text.prvAddNewTaskToReadyList
                0x0000000008005fbc       0xe0 Middlewares/Third_Party/FreeRTOS/Source/tasks.o
 .text.vTaskDelay
                0x000000000800609c       0x68 Middlewares/Third_Party/FreeRTOS/Source/tasks.o
                0x000000000800609c                vTaskDelay
 .text.vTaskStartScheduler
                0x0000000008006104       0xc8 Middlewares/Third_Party/FreeRTOS/Source/tasks.o
                0x0000000008006104                vTaskStartScheduler
 .text.vTaskSuspendAll
                0x00000000080061cc       0x1c Middlewares/Third_Party/FreeRTOS/Source/tasks.o
                0x00000000080061cc                vTaskSuspendAll
 .text.xTaskResumeAll
                0x00000000080061e8      0x138 Middlewares/Third_Party/FreeRTOS/Source/tasks.o
                0x00000000080061e8                xTaskResumeAll
 .text.xTaskGetTickCount
                0x0000000008006320       0x20 Middlewares/Third_Party/FreeRTOS/Source/tasks.o
                0x0000000008006320                xTaskGetTickCount
 .text.xTaskIncrementTick
                0x0000000008006340      0x170 Middlewares/Third_Party/FreeRTOS/Source/tasks.o
                0x0000000008006340                xTaskIncrementTick
 .text.vTaskSwitchContext
                0x00000000080064b0       0xb8 Middlewares/Third_Party/FreeRTOS/Source/tasks.o
                0x00000000080064b0                vTaskSwitchContext
 .text.vTaskPlaceOnEventList
                0x0000000008006568       0x48 Middlewares/Third_Party/FreeRTOS/Source/tasks.o
                0x0000000008006568                vTaskPlaceOnEventList
 .text.vTaskPlaceOnEventListRestricted
                0x00000000080065b0       0x54 Middlewares/Third_Party/FreeRTOS/Source/tasks.o
                0x00000000080065b0                vTaskPlaceOnEventListRestricted
 .text.xTaskRemoveFromEventList
                0x0000000008006604       0xc4 Middlewares/Third_Party/FreeRTOS/Source/tasks.o
                0x0000000008006604                xTaskRemoveFromEventList
 .text.vTaskInternalSetTimeOutState
                0x00000000080066c8       0x2c Middlewares/Third_Party/FreeRTOS/Source/tasks.o
                0x00000000080066c8                vTaskInternalSetTimeOutState
 .text.xTaskCheckForTimeOut
                0x00000000080066f4       0xc0 Middlewares/Third_Party/FreeRTOS/Source/tasks.o
                0x00000000080066f4                xTaskCheckForTimeOut
 .text.vTaskMissedYield
                0x00000000080067b4       0x18 Middlewares/Third_Party/FreeRTOS/Source/tasks.o
                0x00000000080067b4                vTaskMissedYield
 .text.prvIdleTask
                0x00000000080067cc       0x30 Middlewares/Third_Party/FreeRTOS/Source/tasks.o
 .text.prvInitialiseTaskLists
                0x00000000080067fc       0x80 Middlewares/Third_Party/FreeRTOS/Source/tasks.o
 .text.prvCheckTasksWaitingTermination
                0x000000000800687c       0x58 Middlewares/Third_Party/FreeRTOS/Source/tasks.o
 .text.prvDeleteTCB
                0x00000000080068d4       0x5c Middlewares/Third_Party/FreeRTOS/Source/tasks.o
 .text.prvResetNextTaskUnblockTime
                0x0000000008006930       0x40 Middlewares/Third_Party/FreeRTOS/Source/tasks.o
 .text.xTaskGetSchedulerState
                0x0000000008006970       0x3c Middlewares/Third_Party/FreeRTOS/Source/tasks.o
                0x0000000008006970                xTaskGetSchedulerState
 .text.xTaskPriorityInherit
                0x00000000080069ac       0xd0 Middlewares/Third_Party/FreeRTOS/Source/tasks.o
                0x00000000080069ac                xTaskPriorityInherit
 .text.xTaskPriorityDisinherit
                0x0000000008006a7c       0xd8 Middlewares/Third_Party/FreeRTOS/Source/tasks.o
                0x0000000008006a7c                xTaskPriorityDisinherit
 .text.vTaskPriorityDisinheritAfterTimeout
                0x0000000008006b54      0x100 Middlewares/Third_Party/FreeRTOS/Source/tasks.o
                0x0000000008006b54                vTaskPriorityDisinheritAfterTimeout
 .text.pvTaskIncrementMutexHeldCount
                0x0000000008006c54       0x28 Middlewares/Third_Party/FreeRTOS/Source/tasks.o
                0x0000000008006c54                pvTaskIncrementMutexHeldCount
 .text.prvAddCurrentTaskToDelayedList
                0x0000000008006c7c       0xa8 Middlewares/Third_Party/FreeRTOS/Source/tasks.o
 .text.xTimerCreateTimerTask
                0x0000000008006d24       0x90 Middlewares/Third_Party/FreeRTOS/Source/timers.o
                0x0000000008006d24                xTimerCreateTimerTask
 .text.xTimerGenericCommand
                0x0000000008006db4       0x98 Middlewares/Third_Party/FreeRTOS/Source/timers.o
                0x0000000008006db4                xTimerGenericCommand
 .text.prvProcessExpiredTimer
                0x0000000008006e4c       0x98 Middlewares/Third_Party/FreeRTOS/Source/timers.o
 .text.prvTimerTask
                0x0000000008006ee4       0x24 Middlewares/Third_Party/FreeRTOS/Source/timers.o
 .text.prvProcessTimerOrBlockTask
                0x0000000008006f08       0x9c Middlewares/Third_Party/FreeRTOS/Source/timers.o
 .text.prvGetNextExpireTime
                0x0000000008006fa4       0x48 Middlewares/Third_Party/FreeRTOS/Source/timers.o
 .text.prvSampleTimeNow
                0x0000000008006fec       0x40 Middlewares/Third_Party/FreeRTOS/Source/timers.o
 .text.prvInsertTimerInActiveList
                0x000000000800702c       0x84 Middlewares/Third_Party/FreeRTOS/Source/timers.o
 .text.prvProcessReceivedCommands
                0x00000000080070b0      0x1b8 Middlewares/Third_Party/FreeRTOS/Source/timers.o
 .text.prvSwitchTimerLists
                0x0000000008007268       0xc8 Middlewares/Third_Party/FreeRTOS/Source/timers.o
 .text.prvCheckForValidListAndQueue
                0x0000000008007330       0x80 Middlewares/Third_Party/FreeRTOS/Source/timers.o
 .text.pxPortInitialiseStack
                0x00000000080073b0       0x68 Middlewares/Third_Party/FreeRTOS/Source/portable/GCC/ARM_CM4F/port.o
                0x00000000080073b0                pxPortInitialiseStack
 .text.prvTaskExitError
                0x0000000008007418       0x54 Middlewares/Third_Party/FreeRTOS/Source/portable/GCC/ARM_CM4F/port.o
 *fill*         0x000000000800746c        0x4 
 .text.SVC_Handler
                0x0000000008007470       0x28 Middlewares/Third_Party/FreeRTOS/Source/portable/GCC/ARM_CM4F/port.o
                0x0000000008007470                SVC_Handler
 .text.prvPortStartFirstTask
                0x0000000008007498       0x28 Middlewares/Third_Party/FreeRTOS/Source/portable/GCC/ARM_CM4F/port.o
 .text.xPortStartScheduler
                0x00000000080074c0      0x13c Middlewares/Third_Party/FreeRTOS/Source/portable/GCC/ARM_CM4F/port.o
                0x00000000080074c0                xPortStartScheduler
 .text.vPortEnterCritical
                0x00000000080075fc       0x5c Middlewares/Third_Party/FreeRTOS/Source/portable/GCC/ARM_CM4F/port.o
                0x00000000080075fc                vPortEnterCritical
 .text.vPortExitCritical
                0x0000000008007658       0x50 Middlewares/Third_Party/FreeRTOS/Source/portable/GCC/ARM_CM4F/port.o
                0x0000000008007658                vPortExitCritical
 *fill*         0x00000000080076a8        0x8 
 .text.PendSV_Handler
                0x00000000080076b0       0x68 Middlewares/Third_Party/FreeRTOS/Source/portable/GCC/ARM_CM4F/port.o
                0x00000000080076b0                PendSV_Handler
 .text.SysTick_Handler
                0x0000000008007718       0x40 Middlewares/Third_Party/FreeRTOS/Source/portable/GCC/ARM_CM4F/port.o
                0x0000000008007718                SysTick_Handler
 .text.vPortSetupTimerInterrupt
                0x0000000008007758       0x48 Middlewares/Third_Party/FreeRTOS/Source/portable/GCC/ARM_CM4F/port.o
                0x0000000008007758                vPortSetupTimerInterrupt
 .text.vPortEnableVFP
                0x00000000080077a0       0x14 Middlewares/Third_Party/FreeRTOS/Source/portable/GCC/ARM_CM4F/port.o
 .text.vPortValidateInterruptPriority
                0x00000000080077b4       0x7c Middlewares/Third_Party/FreeRTOS/Source/portable/GCC/ARM_CM4F/port.o
                0x00000000080077b4                vPortValidateInterruptPriority
 .text.pvPortMalloc
                0x0000000008007830      0x184 Middlewares/Third_Party/FreeRTOS/Source/portable/MemMang/heap_4.o
                0x0000000008007830                pvPortMalloc
 .text.vPortFree
                0x00000000080079b4       0xb0 Middlewares/Third_Party/FreeRTOS/Source/portable/MemMang/heap_4.o
                0x00000000080079b4                vPortFree
 .text.prvHeapInit
                0x0000000008007a64       0xc4 Middlewares/Third_Party/FreeRTOS/Source/portable/MemMang/heap_4.o
 .text.prvInsertBlockIntoFreeList
                0x0000000008007b28       0xb4 Middlewares/Third_Party/FreeRTOS/Source/portable/MemMang/heap_4.o
 .text.readAnalog2Values
                0x0000000008007bdc       0xc8 analogValuesController/analogValuesController.o
                0x0000000008007bdc                readAnalog2Values
 .text.getAnalogValue1
                0x0000000008007ca4       0x18 analogValuesController/analogValuesController.o
                0x0000000008007ca4                getAnalogValue1
 .text.getAnalogValue2
                0x0000000008007cbc       0x18 analogValuesController/analogValuesController.o
                0x0000000008007cbc                getAnalogValue2
 .text.valuesMap
                0x0000000008007cd4       0x4a analogValuesController/analogValuesController.o
                0x0000000008007cd4                valuesMap
 *fill*         0x0000000008007d1e        0x2 
 .text.selectButton_Listenner_For_MenuControl
                0x0000000008007d20       0x4c buttonController/buttonController.o
                0x0000000008007d20                selectButton_Listenner_For_MenuControl
 .text.plusButton_Listenner_For_MenuControl
                0x0000000008007d6c       0x4c buttonController/buttonController.o
                0x0000000008007d6c                plusButton_Listenner_For_MenuControl
 .text.minusButton_Listenner_For_MenuControl
                0x0000000008007db8       0x4c buttonController/buttonController.o
                0x0000000008007db8                minusButton_Listenner_For_MenuControl
 .text.btnParameterInit
                0x0000000008007e04       0x58 buttonController/buttonController.o
                0x0000000008007e04                btnParameterInit
 .text.setDriver1AngleValue
                0x0000000008007e5c       0x20 buttonController/buttonController.o
                0x0000000008007e5c                setDriver1AngleValue
 .text.setDriver2AngleValue
                0x0000000008007e7c       0x20 buttonController/buttonController.o
                0x0000000008007e7c                setDriver2AngleValue
 .text.buttonController
                0x0000000008007e9c      0x37c buttonController/buttonController.o
                0x0000000008007e9c                buttonController
 .text.transmissionDriver1
                0x0000000008008218       0x30 buttonController/buttonController.o
                0x0000000008008218                transmissionDriver1
 .text.transmissionDriver2
                0x0000000008008248       0x30 buttonController/buttonController.o
                0x0000000008008248                transmissionDriver2
 .text.getDriver1TransmitVal
                0x0000000008008278       0x24 buttonController/buttonController.o
                0x0000000008008278                getDriver1TransmitVal
 .text.getDriver2TransmitVal
                0x000000000800829c       0x24 buttonController/buttonController.o
                0x000000000800829c                getDriver2TransmitVal
 .text.getSelectedLcdVal
                0x00000000080082c0       0x18 buttonController/buttonController.o
                0x00000000080082c0                getSelectedLcdVal
 .text.getSelectedLcdItemVal
                0x00000000080082d8       0x18 buttonController/buttonController.o
                0x00000000080082d8                getSelectedLcdItemVal
 .text.lcd_Init
                0x00000000080082f0      0x134 lcdDriver/lcdDriverInterface.o
                0x00000000080082f0                lcd_Init
 .text.printToLcdDrv1Receive
                0x0000000008008424       0xe8 lcdDriver/lcdDriverInterface.o
                0x0000000008008424                printToLcdDrv1Receive
 .text.printToLcdDrv1Transmit
                0x000000000800850c       0xe8 lcdDriver/lcdDriverInterface.o
                0x000000000800850c                printToLcdDrv1Transmit
 .text.printToLcdDrv2Receive
                0x00000000080085f4       0xe8 lcdDriver/lcdDriverInterface.o
                0x00000000080085f4                printToLcdDrv2Receive
 .text.printToLcdDrv2Transmit
                0x00000000080086dc       0xe8 lcdDriver/lcdDriverInterface.o
                0x00000000080086dc                printToLcdDrv2Transmit
 .text.cleanTheLcd
                0x00000000080087c4       0x48 lcdDriver/lcdDriverInterface.o
                0x00000000080087c4                cleanTheLcd
 .text.lcdController
                0x000000000800880c      0x160 lcdDriver/lcdDriverInterface.o
                0x000000000800880c                lcdController
 .text.LCD_i2cDeviceCheck
                0x000000000800896c       0x40 lcdDriver/lcd_i2cModule.o
                0x000000000800896c                LCD_i2cDeviceCheck
 .text.LCD_Set_Command
                0x00000000080089ac       0xc0 lcdDriver/lcd_i2cModule.o
                0x00000000080089ac                LCD_Set_Command
 .text.LCD_Write_Data
                0x0000000008008a6c       0xcc lcdDriver/lcd_i2cModule.o
                0x0000000008008a6c                LCD_Write_Data
 .text.LCD_Clear
                0x0000000008008b38       0x54 lcdDriver/lcd_i2cModule.o
                0x0000000008008b38                LCD_Clear
 .text.LCD_SetCursor
                0x0000000008008b8c       0x80 lcdDriver/lcd_i2cModule.o
                0x0000000008008b8c                LCD_SetCursor
 .text.LCD_Send_String
                0x0000000008008c0c      0x26c lcdDriver/lcd_i2cModule.o
                0x0000000008008c0c                LCD_Send_String
 .text.LCD_BackLight
                0x0000000008008e78       0x78 lcdDriver/lcd_i2cModule.o
                0x0000000008008e78                LCD_BackLight
 .text.LCD_Init
                0x0000000008008ef0       0xca lcdDriver/lcd_i2cModule.o
                0x0000000008008ef0                LCD_Init
 .text.HAL_UART_RxCpltCallback
                0x0000000008008fba       0x22 motorDriverInterface/motorDriverInterface.o
                0x0000000008008fba                HAL_UART_RxCpltCallback
 .text.MDI_writeSmallDataWithRegister
                0x0000000008008fdc       0x40 motorDriverInterface/motorDriverInterface.o
                0x0000000008008fdc                MDI_writeSmallDataWithRegister
 .text.MDI_sendDataChannel1Ver2
                0x000000000800901c       0xdc motorDriverInterface/motorDriverInterface.o
                0x000000000800901c                MDI_sendDataChannel1Ver2
 .text.MDI_enableGetDataChannel1
                0x00000000080090f8       0x1c motorDriverInterface/motorDriverInterface.o
                0x00000000080090f8                MDI_enableGetDataChannel1
 .text.MDI_getDataChannel1_IT
                0x0000000008009114      0x110 motorDriverInterface/motorDriverInterface.o
                0x0000000008009114                MDI_getDataChannel1_IT
 .text.MDI_sendDataChannel2Ver2
                0x0000000008009224       0xdc motorDriverInterface/motorDriverInterface.o
                0x0000000008009224                MDI_sendDataChannel2Ver2
 .text.MDI_enableGetDataChannel2
                0x0000000008009300       0x1c motorDriverInterface/motorDriverInterface.o
                0x0000000008009300                MDI_enableGetDataChannel2
 .text.MDI_getDataChannel2_IT
                0x000000000800931c      0x110 motorDriverInterface/motorDriverInterface.o
                0x000000000800931c                MDI_getDataChannel2_IT
 .text.getDriver1ReceiveVal
                0x000000000800942c       0x24 motorDriverInterface/motorDriverInterface.o
                0x000000000800942c                getDriver1ReceiveVal
 .text.getDriver2ReceiveVal
                0x0000000008009450       0x24 motorDriverInterface/motorDriverInterface.o
                0x0000000008009450                getDriver2ReceiveVal
 .text.tasks_init
                0x0000000008009474      0x1ac taskManagerInterface/taskManagerInterface.o
                0x0000000008009474                tasks_init
 .text.sendDataUartComputerTask
                0x0000000008009620        0xe taskManagerInterface/taskManagerInterface.o
                0x0000000008009620                sendDataUartComputerTask
 *fill*         0x000000000800962e        0x2 
 .text.getDataUartComputerTask
                0x0000000008009630       0x30 taskManagerInterface/taskManagerInterface.o
                0x0000000008009630                getDataUartComputerTask
 .text.sendDataUart1Task
                0x0000000008009660        0xe taskManagerInterface/taskManagerInterface.o
                0x0000000008009660                sendDataUart1Task
 .text.sendDataUart2Task
                0x000000000800966e        0xe taskManagerInterface/taskManagerInterface.o
                0x000000000800966e                sendDataUart2Task
 .text.getDataUart1Task
                0x000000000800967c       0x30 taskManagerInterface/taskManagerInterface.o
                0x000000000800967c                getDataUart1Task
 .text.getDataUart2Task
                0x00000000080096ac       0x30 taskManagerInterface/taskManagerInterface.o
                0x00000000080096ac                getDataUart2Task
 .text.adcReadTask
                0x00000000080096dc       0x74 taskManagerInterface/taskManagerInterface.o
                0x00000000080096dc                adcReadTask
 .text.lcdTask  0x0000000008009750       0x22 taskManagerInterface/taskManagerInterface.o
                0x0000000008009750                lcdTask
 .text.buttonControlTask
                0x0000000008009772       0x18 taskManagerInterface/taskManagerInterface.o
                0x0000000008009772                buttonControlTask
 *fill*         0x000000000800978a        0x2 
 .text.__errno  0x000000000800978c        0xc /opt/st/stm32cubeide_1.5.1/plugins/com.st.stm32cube.ide.mcu.externaltools.gnu-tools-for-stm32.7-2018-q2-update.linux64_1.5.0.202011040924/tools/bin/../lib/gcc/arm-none-eabi/7.3.1/../../../../arm-none-eabi/lib/thumb/v7e-m/fpv4-sp/hard/libc_nano.a(lib_a-errno.o)
                0x000000000800978c                __errno
 .text.__libc_init_array
                0x0000000008009798       0x48 /opt/st/stm32cubeide_1.5.1/plugins/com.st.stm32cube.ide.mcu.externaltools.gnu-tools-for-stm32.7-2018-q2-update.linux64_1.5.0.202011040924/tools/bin/../lib/gcc/arm-none-eabi/7.3.1/../../../../arm-none-eabi/lib/thumb/v7e-m/fpv4-sp/hard/libc_nano.a(lib_a-init.o)
                0x0000000008009798                __libc_init_array
 .text.memcpy   0x00000000080097e0       0x16 /opt/st/stm32cubeide_1.5.1/plugins/com.st.stm32cube.ide.mcu.externaltools.gnu-tools-for-stm32.7-2018-q2-update.linux64_1.5.0.202011040924/tools/bin/../lib/gcc/arm-none-eabi/7.3.1/../../../../arm-none-eabi/lib/thumb/v7e-m/fpv4-sp/hard/libc_nano.a(lib_a-memcpy-stub.o)
                0x00000000080097e0                memcpy
 .text.memset   0x00000000080097f6       0x10 /opt/st/stm32cubeide_1.5.1/plugins/com.st.stm32cube.ide.mcu.externaltools.gnu-tools-for-stm32.7-2018-q2-update.linux64_1.5.0.202011040924/tools/bin/../lib/gcc/arm-none-eabi/7.3.1/../../../../arm-none-eabi/lib/thumb/v7e-m/fpv4-sp/hard/libc_nano.a(lib_a-memset.o)
                0x00000000080097f6                memset
 *fill*         0x0000000008009806        0x2 
 .text.sprintf  0x0000000008009808       0x40 /opt/st/stm32cubeide_1.5.1/plugins/com.st.stm32cube.ide.mcu.externaltools.gnu-tools-for-stm32.7-2018-q2-update.linux64_1.5.0.202011040924/tools/bin/../lib/gcc/arm-none-eabi/7.3.1/../../../../arm-none-eabi/lib/thumb/v7e-m/fpv4-sp/hard/libc_nano.a(lib_a-sprintf.o)
                0x0000000008009808                sprintf
                0x0000000008009808                siprintf
 .text.__ssputs_r
                0x0000000008009848       0xb4 /opt/st/stm32cubeide_1.5.1/plugins/com.st.stm32cube.ide.mcu.externaltools.gnu-tools-for-stm32.7-2018-q2-update.linux64_1.5.0.202011040924/tools/bin/../lib/gcc/arm-none-eabi/7.3.1/../../../../arm-none-eabi/lib/thumb/v7e-m/fpv4-sp/hard/libc_nano.a(lib_a-nano-svfprintf.o)
                0x0000000008009848                __ssputs_r
 .text._svfprintf_r
                0x00000000080098fc      0x1f0 /opt/st/stm32cubeide_1.5.1/plugins/com.st.stm32cube.ide.mcu.externaltools.gnu-tools-for-stm32.7-2018-q2-update.linux64_1.5.0.202011040924/tools/bin/../lib/gcc/arm-none-eabi/7.3.1/../../../../arm-none-eabi/lib/thumb/v7e-m/fpv4-sp/hard/libc_nano.a(lib_a-nano-svfprintf.o)
                0x00000000080098fc                _svfprintf_r
                0x00000000080098fc                _svfiprintf_r
 .text._printf_common
                0x0000000008009aec       0xea /opt/st/stm32cubeide_1.5.1/plugins/com.st.stm32cube.ide.mcu.externaltools.gnu-tools-for-stm32.7-2018-q2-update.linux64_1.5.0.202011040924/tools/bin/../lib/gcc/arm-none-eabi/7.3.1/../../../../arm-none-eabi/lib/thumb/v7e-m/fpv4-sp/hard/libc_nano.a(lib_a-nano-vfprintf_i.o)
                0x0000000008009aec                _printf_common
 *fill*         0x0000000008009bd6        0x2 
 .text._printf_i
                0x0000000008009bd8      0x224 /opt/st/stm32cubeide_1.5.1/plugins/com.st.stm32cube.ide.mcu.externaltools.gnu-tools-for-stm32.7-2018-q2-update.linux64_1.5.0.202011040924/tools/bin/../lib/gcc/arm-none-eabi/7.3.1/../../../../arm-none-eabi/lib/thumb/v7e-m/fpv4-sp/hard/libc_nano.a(lib_a-nano-vfprintf_i.o)
                0x0000000008009bd8                _printf_i
 .text.memmove  0x0000000008009dfc       0x32 /opt/st/stm32cubeide_1.5.1/plugins/com.st.stm32cube.ide.mcu.externaltools.gnu-tools-for-stm32.7-2018-q2-update.linux64_1.5.0.202011040924/tools/bin/../lib/gcc/arm-none-eabi/7.3.1/../../../../arm-none-eabi/lib/thumb/v7e-m/fpv4-sp/hard/libc_nano.a(lib_a-memmove.o)
                0x0000000008009dfc                memmove
 *fill*         0x0000000008009e2e        0x2 
 .text._free_r  0x0000000008009e30       0x9c /opt/st/stm32cubeide_1.5.1/plugins/com.st.stm32cube.ide.mcu.externaltools.gnu-tools-for-stm32.7-2018-q2-update.linux64_1.5.0.202011040924/tools/bin/../lib/gcc/arm-none-eabi/7.3.1/../../../../arm-none-eabi/lib/thumb/v7e-m/fpv4-sp/hard/libc_nano.a(lib_a-nano-freer.o)
                0x0000000008009e30                _free_r
 .text._malloc_r
                0x0000000008009ecc       0xb4 /opt/st/stm32cubeide_1.5.1/plugins/com.st.stm32cube.ide.mcu.externaltools.gnu-tools-for-stm32.7-2018-q2-update.linux64_1.5.0.202011040924/tools/bin/../lib/gcc/arm-none-eabi/7.3.1/../../../../arm-none-eabi/lib/thumb/v7e-m/fpv4-sp/hard/libc_nano.a(lib_a-nano-mallocr.o)
                0x0000000008009ecc                _malloc_r
 .text._realloc_r
                0x0000000008009f80       0x4c /opt/st/stm32cubeide_1.5.1/plugins/com.st.stm32cube.ide.mcu.externaltools.gnu-tools-for-stm32.7-2018-q2-update.linux64_1.5.0.202011040924/tools/bin/../lib/gcc/arm-none-eabi/7.3.1/../../../../arm-none-eabi/lib/thumb/v7e-m/fpv4-sp/hard/libc_nano.a(lib_a-nano-reallocr.o)
                0x0000000008009f80                _realloc_r
 .text._sbrk_r  0x0000000008009fcc       0x20 /opt/st/stm32cubeide_1.5.1/plugins/com.st.stm32cube.ide.mcu.externaltools.gnu-tools-for-stm32.7-2018-q2-update.linux64_1.5.0.202011040924/tools/bin/../lib/gcc/arm-none-eabi/7.3.1/../../../../arm-none-eabi/lib/thumb/v7e-m/fpv4-sp/hard/libc_nano.a(lib_a-sbrkr.o)
                0x0000000008009fcc                _sbrk_r
 .text.__malloc_lock
                0x0000000008009fec        0x2 /opt/st/stm32cubeide_1.5.1/plugins/com.st.stm32cube.ide.mcu.externaltools.gnu-tools-for-stm32.7-2018-q2-update.linux64_1.5.0.202011040924/tools/bin/../lib/gcc/arm-none-eabi/7.3.1/../../../../arm-none-eabi/lib/thumb/v7e-m/fpv4-sp/hard/libc_nano.a(lib_a-mlock.o)
                0x0000000008009fec                __malloc_lock
 .text.__malloc_unlock
                0x0000000008009fee        0x2 /opt/st/stm32cubeide_1.5.1/plugins/com.st.stm32cube.ide.mcu.externaltools.gnu-tools-for-stm32.7-2018-q2-update.linux64_1.5.0.202011040924/tools/bin/../lib/gcc/arm-none-eabi/7.3.1/../../../../arm-none-eabi/lib/thumb/v7e-m/fpv4-sp/hard/libc_nano.a(lib_a-mlock.o)
                0x0000000008009fee                __malloc_unlock
 .text._malloc_usable_size_r
                0x0000000008009ff0       0x10 /opt/st/stm32cubeide_1.5.1/plugins/com.st.stm32cube.ide.mcu.externaltools.gnu-tools-for-stm32.7-2018-q2-update.linux64_1.5.0.202011040924/tools/bin/../lib/gcc/arm-none-eabi/7.3.1/../../../../arm-none-eabi/lib/thumb/v7e-m/fpv4-sp/hard/libc_nano.a(lib_a-nano-msizer.o)
                0x0000000008009ff0                _malloc_usable_size_r
 *(.glue_7)
 .glue_7        0x000000000800a000        0x0 linker stubs
 *(.glue_7t)
 .glue_7t       0x000000000800a000        0x0 linker stubs
 *(.eh_frame)
 .eh_frame      0x000000000800a000        0x0 /opt/st/stm32cubeide_1.5.1/plugins/com.st.stm32cube.ide.mcu.externaltools.gnu-tools-for-stm32.7-2018-q2-update.linux64_1.5.0.202011040924/tools/bin/../lib/gcc/arm-none-eabi/7.3.1/thumb/v7e-m/fpv4-sp/hard/crtbegin.o
 *(.init)
 .init          0x000000000800a000        0x4 /opt/st/stm32cubeide_1.5.1/plugins/com.st.stm32cube.ide.mcu.externaltools.gnu-tools-for-stm32.7-2018-q2-update.linux64_1.5.0.202011040924/tools/bin/../lib/gcc/arm-none-eabi/7.3.1/thumb/v7e-m/fpv4-sp/hard/crti.o
                0x000000000800a000                _init
 .init          0x000000000800a004        0x8 /opt/st/stm32cubeide_1.5.1/plugins/com.st.stm32cube.ide.mcu.externaltools.gnu-tools-for-stm32.7-2018-q2-update.linux64_1.5.0.202011040924/tools/bin/../lib/gcc/arm-none-eabi/7.3.1/thumb/v7e-m/fpv4-sp/hard/crtn.o
 *(.fini)
 .fini          0x000000000800a00c        0x4 /opt/st/stm32cubeide_1.5.1/plugins/com.st.stm32cube.ide.mcu.externaltools.gnu-tools-for-stm32.7-2018-q2-update.linux64_1.5.0.202011040924/tools/bin/../lib/gcc/arm-none-eabi/7.3.1/thumb/v7e-m/fpv4-sp/hard/crti.o
                0x000000000800a00c                _fini
 .fini          0x000000000800a010        0x8 /opt/st/stm32cubeide_1.5.1/plugins/com.st.stm32cube.ide.mcu.externaltools.gnu-tools-for-stm32.7-2018-q2-update.linux64_1.5.0.202011040924/tools/bin/../lib/gcc/arm-none-eabi/7.3.1/thumb/v7e-m/fpv4-sp/hard/crtn.o
                0x000000000800a018                . = ALIGN (0x4)
                0x000000000800a018                _etext = .

.vfp11_veneer   0x000000000800a018        0x0
 .vfp11_veneer  0x000000000800a018        0x0 linker stubs

.v4_bx          0x000000000800a018        0x0
 .v4_bx         0x000000000800a018        0x0 linker stubs

.iplt           0x000000000800a018        0x0
 .iplt          0x000000000800a018        0x0 /opt/st/stm32cubeide_1.5.1/plugins/com.st.stm32cube.ide.mcu.externaltools.gnu-tools-for-stm32.7-2018-q2-update.linux64_1.5.0.202011040924/tools/bin/../lib/gcc/arm-none-eabi/7.3.1/thumb/v7e-m/fpv4-sp/hard/crtbegin.o

.rodata         0x000000000800a018      0x1bc
                0x000000000800a018                . = ALIGN (0x4)
 *(.rodata)
 .rodata        0x000000000800a018        0x5 Middlewares/Third_Party/FreeRTOS/Source/tasks.o
 *fill*         0x000000000800a01d        0x3 
 .rodata        0x000000000800a020        0xd Middlewares/Third_Party/FreeRTOS/Source/timers.o
 *fill*         0x000000000800a02d        0x3 
 .rodata        0x000000000800a030       0xbf lcdDriver/lcdDriverInterface.o
 *fill*         0x000000000800a0ef        0x1 
 .rodata        0x000000000800a0f0       0x76 taskManagerInterface/taskManagerInterface.o
 *(.rodata*)
 *fill*         0x000000000800a166        0x2 
 .rodata.AHBPrescTable
                0x000000000800a168       0x10 Core/Src/system_stm32f4xx.o
                0x000000000800a168                AHBPrescTable
 .rodata.APBPrescTable
                0x000000000800a178        0x8 Core/Src/system_stm32f4xx.o
                0x000000000800a178                APBPrescTable
 .rodata.Cursor_Data
                0x000000000800a180       0x20 lcdDriver/lcd_i2cModule.o
 .rodata._svfprintf_r.str1.1
                0x000000000800a1a0       0x11 /opt/st/stm32cubeide_1.5.1/plugins/com.st.stm32cube.ide.mcu.externaltools.gnu-tools-for-stm32.7-2018-q2-update.linux64_1.5.0.202011040924/tools/bin/../lib/gcc/arm-none-eabi/7.3.1/../../../../arm-none-eabi/lib/thumb/v7e-m/fpv4-sp/hard/libc_nano.a(lib_a-nano-svfprintf.o)
 .rodata._printf_i.str1.1
                0x000000000800a1b1       0x22 /opt/st/stm32cubeide_1.5.1/plugins/com.st.stm32cube.ide.mcu.externaltools.gnu-tools-for-stm32.7-2018-q2-update.linux64_1.5.0.202011040924/tools/bin/../lib/gcc/arm-none-eabi/7.3.1/../../../../arm-none-eabi/lib/thumb/v7e-m/fpv4-sp/hard/libc_nano.a(lib_a-nano-vfprintf_i.o)
                0x000000000800a1d4                . = ALIGN (0x4)
 *fill*         0x000000000800a1d3        0x1 

.ARM.extab      0x000000000800a1d4        0x0
                0x000000000800a1d4                . = ALIGN (0x4)
 *(.ARM.extab* .gnu.linkonce.armextab.*)
                0x000000000800a1d4                . = ALIGN (0x4)

.ARM            0x000000000800a1d4        0x8
                0x000000000800a1d4                . = ALIGN (0x4)
                0x000000000800a1d4                __exidx_start = .
 *(.ARM.exidx*)
 .ARM.exidx     0x000000000800a1d4        0x8 /opt/st/stm32cubeide_1.5.1/plugins/com.st.stm32cube.ide.mcu.externaltools.gnu-tools-for-stm32.7-2018-q2-update.linux64_1.5.0.202011040924/tools/bin/../lib/gcc/arm-none-eabi/7.3.1/thumb/v7e-m/fpv4-sp/hard/libgcc.a(_udivmoddi4.o)
                0x000000000800a1dc                __exidx_end = .
                0x000000000800a1dc                . = ALIGN (0x4)

.rel.dyn        0x000000000800a1dc        0x0
 .rel.iplt      0x000000000800a1dc        0x0 /opt/st/stm32cubeide_1.5.1/plugins/com.st.stm32cube.ide.mcu.externaltools.gnu-tools-for-stm32.7-2018-q2-update.linux64_1.5.0.202011040924/tools/bin/../lib/gcc/arm-none-eabi/7.3.1/thumb/v7e-m/fpv4-sp/hard/crtbegin.o

.preinit_array  0x000000000800a1dc        0x0
                0x000000000800a1dc                . = ALIGN (0x4)
                0x000000000800a1dc                PROVIDE (__preinit_array_start = .)
 *(.preinit_array*)
                0x000000000800a1dc                PROVIDE (__preinit_array_end = .)
                0x000000000800a1dc                . = ALIGN (0x4)

.init_array     0x000000000800a1dc        0x4
                0x000000000800a1dc                . = ALIGN (0x4)
                0x000000000800a1dc                PROVIDE (__init_array_start = .)
 *(SORT_BY_NAME(.init_array.*))
 *(.init_array*)
 .init_array    0x000000000800a1dc        0x4 /opt/st/stm32cubeide_1.5.1/plugins/com.st.stm32cube.ide.mcu.externaltools.gnu-tools-for-stm32.7-2018-q2-update.linux64_1.5.0.202011040924/tools/bin/../lib/gcc/arm-none-eabi/7.3.1/thumb/v7e-m/fpv4-sp/hard/crtbegin.o
                0x000000000800a1e0                PROVIDE (__init_array_end = .)
                0x000000000800a1e0                . = ALIGN (0x4)

.fini_array     0x000000000800a1e0        0x4
                0x000000000800a1e0                . = ALIGN (0x4)
                [!provide]                        PROVIDE (__fini_array_start = .)
 *(SORT_BY_NAME(.fini_array.*))
 *(.fini_array*)
 .fini_array    0x000000000800a1e0        0x4 /opt/st/stm32cubeide_1.5.1/plugins/com.st.stm32cube.ide.mcu.externaltools.gnu-tools-for-stm32.7-2018-q2-update.linux64_1.5.0.202011040924/tools/bin/../lib/gcc/arm-none-eabi/7.3.1/thumb/v7e-m/fpv4-sp/hard/crtbegin.o
                [!provide]                        PROVIDE (__fini_array_end = .)
                0x000000000800a1e4                . = ALIGN (0x4)
                0x000000000800a1e4                _sidata = LOADADDR (.data)

.data           0x0000000020000000       0x78 load address 0x000000000800a1e4
                0x0000000020000000                . = ALIGN (0x4)
                0x0000000020000000                _sdata = .
 *(.data)
 *(.data*)
 .data.SystemCoreClock
                0x0000000020000000        0x4 Core/Src/system_stm32f4xx.o
                0x0000000020000000                SystemCoreClock
 .data.uwTickPrio
                0x0000000020000004        0x4 Drivers/STM32F4xx_HAL_Driver/Src/stm32f4xx_hal.o
                0x0000000020000004                uwTickPrio
 .data.uwTickFreq
                0x0000000020000008        0x1 Drivers/STM32F4xx_HAL_Driver/Src/stm32f4xx_hal.o
                0x0000000020000008                uwTickFreq
 *fill*         0x0000000020000009        0x3 
 .data.uxCriticalNesting
                0x000000002000000c        0x4 Middlewares/Third_Party/FreeRTOS/Source/portable/GCC/ARM_CM4F/port.o
 .data.selectedMDI.8880
                0x0000000020000010        0x1 buttonController/buttonController.o
 .data.i2cDeviceAddr
                0x0000000020000011        0x1 lcdDriver/lcd_i2cModule.o
                0x0000000020000011                i2cDeviceAddr
 .data.Mask_Data
                0x0000000020000012        0x1 lcdDriver/lcd_i2cModule.o
 .data.line_pos
                0x0000000020000013        0x1 lcdDriver/lcd_i2cModule.o
 .data._impure_ptr
                0x0000000020000014        0x4 /opt/st/stm32cubeide_1.5.1/plugins/com.st.stm32cube.ide.mcu.externaltools.gnu-tools-for-stm32.7-2018-q2-update.linux64_1.5.0.202011040924/tools/bin/../lib/gcc/arm-none-eabi/7.3.1/../../../../arm-none-eabi/lib/thumb/v7e-m/fpv4-sp/hard/libc_nano.a(lib_a-impure.o)
                0x0000000020000014                _impure_ptr
 .data.impure_data
                0x0000000020000018       0x60 /opt/st/stm32cubeide_1.5.1/plugins/com.st.stm32cube.ide.mcu.externaltools.gnu-tools-for-stm32.7-2018-q2-update.linux64_1.5.0.202011040924/tools/bin/../lib/gcc/arm-none-eabi/7.3.1/../../../../arm-none-eabi/lib/thumb/v7e-m/fpv4-sp/hard/libc_nano.a(lib_a-impure.o)
 *(.RamFunc)
 *(.RamFunc*)
                0x0000000020000078                . = ALIGN (0x4)
                0x0000000020000078                _edata = .

.igot.plt       0x0000000020000078        0x0 load address 0x000000000800a25c
 .igot.plt      0x0000000020000078        0x0 /opt/st/stm32cubeide_1.5.1/plugins/com.st.stm32cube.ide.mcu.externaltools.gnu-tools-for-stm32.7-2018-q2-update.linux64_1.5.0.202011040924/tools/bin/../lib/gcc/arm-none-eabi/7.3.1/thumb/v7e-m/fpv4-sp/hard/crtbegin.o
                0x0000000020000078                . = ALIGN (0x4)

.bss            0x0000000020000078     0x4ce8 load address 0x000000000800a25c
                0x0000000020000078                _sbss = .
                0x0000000020000078                __bss_start__ = _sbss
 *(.bss)
 .bss           0x0000000020000078       0x1c /opt/st/stm32cubeide_1.5.1/plugins/com.st.stm32cube.ide.mcu.externaltools.gnu-tools-for-stm32.7-2018-q2-update.linux64_1.5.0.202011040924/tools/bin/../lib/gcc/arm-none-eabi/7.3.1/thumb/v7e-m/fpv4-sp/hard/crtbegin.o
 *(.bss*)
 *fill*         0x0000000020000094        0x4 
 .bss.test      0x0000000020000098        0x8 ComputerInterface/ComputerInterface.o
 .bss.ctSpeed   0x00000000200000a0        0x4 ComputerInterface/ComputerInterface.o
 .bss.getTmpCH  0x00000000200000a4        0x1 ComputerInterface/ComputerInterface.o
                0x00000000200000a4                getTmpCH
 *fill*         0x00000000200000a5        0x3 
 .bss.tmpArr    0x00000000200000a8        0xc ComputerInterface/ComputerInterface.o
 .bss.getTmpBeff.8800
                0x00000000200000b4        0x1 ComputerInterface/ComputerInterface.o
 .bss.counter.8799
                0x00000000200000b5        0x1 ComputerInterface/ComputerInterface.o
 *fill*         0x00000000200000b6        0x2 
 .bss.__sbrk_heap_end
                0x00000000200000b8        0x4 Core/Src/sysmem.o
 .bss.Idle_TCB  0x00000000200000bc       0x5c Middlewares/Third_Party/FreeRTOS/Source/CMSIS_RTOS_V2/cmsis_os2.o
 .bss.Idle_Stack
                0x0000000020000118      0x200 Middlewares/Third_Party/FreeRTOS/Source/CMSIS_RTOS_V2/cmsis_os2.o
 .bss.Timer_TCB
                0x0000000020000318       0x5c Middlewares/Third_Party/FreeRTOS/Source/CMSIS_RTOS_V2/cmsis_os2.o
 .bss.Timer_Stack
                0x0000000020000374      0x400 Middlewares/Third_Party/FreeRTOS/Source/CMSIS_RTOS_V2/cmsis_os2.o
 .bss.pxCurrentTCB
                0x0000000020000774        0x4 Middlewares/Third_Party/FreeRTOS/Source/tasks.o
                0x0000000020000774                pxCurrentTCB
 .bss.pxReadyTasksLists
                0x0000000020000778      0x460 Middlewares/Third_Party/FreeRTOS/Source/tasks.o
 .bss.xDelayedTaskList1
                0x0000000020000bd8       0x14 Middlewares/Third_Party/FreeRTOS/Source/tasks.o
 .bss.xDelayedTaskList2
                0x0000000020000bec       0x14 Middlewares/Third_Party/FreeRTOS/Source/tasks.o
 .bss.pxDelayedTaskList
                0x0000000020000c00        0x4 Middlewares/Third_Party/FreeRTOS/Source/tasks.o
 .bss.pxOverflowDelayedTaskList
                0x0000000020000c04        0x4 Middlewares/Third_Party/FreeRTOS/Source/tasks.o
 .bss.xPendingReadyList
                0x0000000020000c08       0x14 Middlewares/Third_Party/FreeRTOS/Source/tasks.o
 .bss.xTasksWaitingTermination
                0x0000000020000c1c       0x14 Middlewares/Third_Party/FreeRTOS/Source/tasks.o
 .bss.uxDeletedTasksWaitingCleanUp
                0x0000000020000c30        0x4 Middlewares/Third_Party/FreeRTOS/Source/tasks.o
 .bss.xSuspendedTaskList
                0x0000000020000c34       0x14 Middlewares/Third_Party/FreeRTOS/Source/tasks.o
 .bss.uxCurrentNumberOfTasks
                0x0000000020000c48        0x4 Middlewares/Third_Party/FreeRTOS/Source/tasks.o
 .bss.xTickCount
                0x0000000020000c4c        0x4 Middlewares/Third_Party/FreeRTOS/Source/tasks.o
 .bss.uxTopReadyPriority
                0x0000000020000c50        0x4 Middlewares/Third_Party/FreeRTOS/Source/tasks.o
 .bss.xSchedulerRunning
                0x0000000020000c54        0x4 Middlewares/Third_Party/FreeRTOS/Source/tasks.o
 .bss.uxPendedTicks
                0x0000000020000c58        0x4 Middlewares/Third_Party/FreeRTOS/Source/tasks.o
 .bss.xYieldPending
                0x0000000020000c5c        0x4 Middlewares/Third_Party/FreeRTOS/Source/tasks.o
 .bss.xNumOfOverflows
                0x0000000020000c60        0x4 Middlewares/Third_Party/FreeRTOS/Source/tasks.o
 .bss.uxTaskNumber
                0x0000000020000c64        0x4 Middlewares/Third_Party/FreeRTOS/Source/tasks.o
 .bss.xNextTaskUnblockTime
                0x0000000020000c68        0x4 Middlewares/Third_Party/FreeRTOS/Source/tasks.o
 .bss.xIdleTaskHandle
                0x0000000020000c6c        0x4 Middlewares/Third_Party/FreeRTOS/Source/tasks.o
 .bss.uxSchedulerSuspended
                0x0000000020000c70        0x4 Middlewares/Third_Party/FreeRTOS/Source/tasks.o
 .bss.xActiveTimerList1
                0x0000000020000c74       0x14 Middlewares/Third_Party/FreeRTOS/Source/timers.o
 .bss.xActiveTimerList2
                0x0000000020000c88       0x14 Middlewares/Third_Party/FreeRTOS/Source/timers.o
 .bss.pxCurrentTimerList
                0x0000000020000c9c        0x4 Middlewares/Third_Party/FreeRTOS/Source/timers.o
 .bss.pxOverflowTimerList
                0x0000000020000ca0        0x4 Middlewares/Third_Party/FreeRTOS/Source/timers.o
 .bss.xTimerQueue
                0x0000000020000ca4        0x4 Middlewares/Third_Party/FreeRTOS/Source/timers.o
 .bss.xTimerTaskHandle
                0x0000000020000ca8        0x4 Middlewares/Third_Party/FreeRTOS/Source/timers.o
 .bss.xLastTime.6741
                0x0000000020000cac        0x4 Middlewares/Third_Party/FreeRTOS/Source/timers.o
 .bss.ucStaticTimerQueueStorage.6792
                0x0000000020000cb0       0xa0 Middlewares/Third_Party/FreeRTOS/Source/timers.o
 .bss.xStaticTimerQueue.6791
                0x0000000020000d50       0x50 Middlewares/Third_Party/FreeRTOS/Source/timers.o
 .bss.ucMaxSysCallPriority
                0x0000000020000da0        0x1 Middlewares/Third_Party/FreeRTOS/Source/portable/GCC/ARM_CM4F/port.o
 *fill*         0x0000000020000da1        0x3 
 .bss.ulMaxPRIGROUPValue
                0x0000000020000da4        0x4 Middlewares/Third_Party/FreeRTOS/Source/portable/GCC/ARM_CM4F/port.o
 .bss.ucHeap    0x0000000020000da8     0x3c00 Middlewares/Third_Party/FreeRTOS/Source/portable/MemMang/heap_4.o
 .bss.xStart    0x00000000200049a8        0x8 Middlewares/Third_Party/FreeRTOS/Source/portable/MemMang/heap_4.o
 .bss.pxEnd     0x00000000200049b0        0x4 Middlewares/Third_Party/FreeRTOS/Source/portable/MemMang/heap_4.o
 .bss.xFreeBytesRemaining
                0x00000000200049b4        0x4 Middlewares/Third_Party/FreeRTOS/Source/portable/MemMang/heap_4.o
 .bss.xMinimumEverFreeBytesRemaining
                0x00000000200049b8        0x4 Middlewares/Third_Party/FreeRTOS/Source/portable/MemMang/heap_4.o
 .bss.xBlockAllocatedBit
                0x00000000200049bc        0x4 Middlewares/Third_Party/FreeRTOS/Source/portable/MemMang/heap_4.o
 .bss.filter1.8400
                0x00000000200049c0        0x4 analogValuesController/analogValuesController.o
 .bss.filter2.8401
                0x00000000200049c4        0x4 analogValuesController/analogValuesController.o
 .bss.selectbtncounter
                0x00000000200049c8        0x2 buttonController/buttonController.o
 .bss.plusbtncounter
                0x00000000200049ca        0x2 buttonController/buttonController.o
 .bss.minusbtncounter
                0x00000000200049cc        0x2 buttonController/buttonController.o
 .bss.selectedLcd
                0x00000000200049ce        0x1 buttonController/buttonController.o
                0x00000000200049ce                selectedLcd
 .bss.selectedLcdItem
                0x00000000200049cf        0x1 buttonController/buttonController.o
                0x00000000200049cf                selectedLcdItem
 .bss.selectBtnListenner.8881
                0x00000000200049d0        0x1 buttonController/buttonController.o
 *fill*         0x00000000200049d1        0x3 
 .bss.item.8884
                0x00000000200049d4        0x4 buttonController/buttonController.o
 .bss.plusBtnListenner.8882
                0x00000000200049d8        0x1 buttonController/buttonController.o
 .bss.minusBtnListenner.8883
                0x00000000200049d9        0x1 buttonController/buttonController.o
 .bss.statuVal.8962
                0x00000000200049da        0x1 lcdDriver/lcdDriverInterface.o
 .bss.itemVal.8961
                0x00000000200049db        0x1 lcdDriver/lcdDriverInterface.o
 .bss.temp.8960
                0x00000000200049dc        0x6 lcdDriver/lcdDriverInterface.o
 *fill*         0x00000000200049e2        0x2 
 .bss.data      0x00000000200049e4        0x4 lcdDriver/lcd_i2cModule.o
 .bss.data_M    0x00000000200049e8        0x1 lcdDriver/lcd_i2cModule.o
 .bss.data_L    0x00000000200049e9        0x1 lcdDriver/lcd_i2cModule.o
 .bss.data_BL   0x00000000200049ea        0x1 lcdDriver/lcd_i2cModule.o
 .bss.str_len   0x00000000200049eb        0x1 lcdDriver/lcd_i2cModule.o
 .bss.getTmpCH1
                0x00000000200049ec        0x1 motorDriverInterface/motorDriverInterface.o
                0x00000000200049ec                getTmpCH1
 *fill*         0x00000000200049ed        0x3 
 .bss.tmpArr1   0x00000000200049f0        0xa motorDriverInterface/motorDriverInterface.o
 .bss.getTmpCH2
                0x00000000200049fa        0x1 motorDriverInterface/motorDriverInterface.o
                0x00000000200049fa                getTmpCH2
 *fill*         0x00000000200049fb        0x1 
 .bss.tmpArr2   0x00000000200049fc        0xa motorDriverInterface/motorDriverInterface.o
 .bss.getTmpBeff.8998
                0x0000000020004a06        0x1 motorDriverInterface/motorDriverInterface.o
 .bss.counter.8997
                0x0000000020004a07        0x1 motorDriverInterface/motorDriverInterface.o
 .bss.getTmpBeff.9102
                0x0000000020004a08        0x1 motorDriverInterface/motorDriverInterface.o
 .bss.counter.9101
                0x0000000020004a09        0x1 motorDriverInterface/motorDriverInterface.o
 *fill*         0x0000000020004a0a        0x2 
 .bss.uart1SemphrHandle
                0x0000000020004a0c        0x4 taskManagerInterface/taskManagerInterface.o
                0x0000000020004a0c                uart1SemphrHandle
 .bss.uart2SemphrHandle
                0x0000000020004a10        0x4 taskManagerInterface/taskManagerInterface.o
                0x0000000020004a10                uart2SemphrHandle
 .bss.uart3SemphrHandle
                0x0000000020004a14        0x4 taskManagerInterface/taskManagerInterface.o
                0x0000000020004a14                uart3SemphrHandle
 .bss.__malloc_free_list
                0x0000000020004a18        0x4 /opt/st/stm32cubeide_1.5.1/plugins/com.st.stm32cube.ide.mcu.externaltools.gnu-tools-for-stm32.7-2018-q2-update.linux64_1.5.0.202011040924/tools/bin/../lib/gcc/arm-none-eabi/7.3.1/../../../../arm-none-eabi/lib/thumb/v7e-m/fpv4-sp/hard/libc_nano.a(lib_a-nano-mallocr.o)
                0x0000000020004a18                __malloc_free_list
 .bss.__malloc_sbrk_start
                0x0000000020004a1c        0x4 /opt/st/stm32cubeide_1.5.1/plugins/com.st.stm32cube.ide.mcu.externaltools.gnu-tools-for-stm32.7-2018-q2-update.linux64_1.5.0.202011040924/tools/bin/../lib/gcc/arm-none-eabi/7.3.1/../../../../arm-none-eabi/lib/thumb/v7e-m/fpv4-sp/hard/libc_nano.a(lib_a-nano-mallocr.o)
                0x0000000020004a1c                __malloc_sbrk_start
 *(COMMON)
 COMMON         0x0000000020004a20       0x18 ComputerInterface/ComputerInterface.o
                0x0000000020004a20                time1
                0x0000000020004a24                getVals
                0x0000000020004a30                time2
                0x0000000020004a34                deltaTime
 COMMON         0x0000000020004a38      0x238 Core/Src/main.o
                0x0000000020004a38                hadc2
                0x0000000020004a80                hi2c1
                0x0000000020004ad4                hi2c2
                0x0000000020004b28                huart5
                0x0000000020004b68                hadc1
                0x0000000020004bb0                huart1
                0x0000000020004bf0                huart4
                0x0000000020004c30                htim2
 COMMON         0x0000000020004c70       0x40 Core/Src/stm32f4xx_hal_timebase_tim.o
                0x0000000020004c70                htim1
 COMMON         0x0000000020004cb0        0x4 Drivers/STM32F4xx_HAL_Driver/Src/stm32f4xx_hal.o
                0x0000000020004cb0                uwTick
 COMMON         0x0000000020004cb4       0x40 Middlewares/Third_Party/FreeRTOS/Source/queue.o
                0x0000000020004cb4                xQueueRegistry
 COMMON         0x0000000020004cf4        0x4 analogValuesController/analogValuesController.o
                0x0000000020004cf4                analogValue2
                0x0000000020004cf6                analogValue1
 COMMON         0x0000000020004cf8        0xe buttonController/buttonController.o
                0x0000000020004cf8                drv1
                0x0000000020004d00                drv2
 *fill*         0x0000000020004d06        0x2 
 COMMON         0x0000000020004d08       0x14 lcdDriver/lcdDriverInterface.o
                0x0000000020004d08                lcdBuff
 COMMON         0x0000000020004d1c       0x3d motorDriverInterface/motorDriverInterface.o
                0x0000000020004d1c                driver2
                0x0000000020004d24                driver1
                0x0000000020004d2c                rec2Buff
                0x0000000020004d40                getFirstData1
                0x0000000020004d44                rec1Buff
                0x0000000020004d58                getFirstData2
 *fill*         0x0000000020004d59        0x3 
 COMMON         0x0000000020004d5c        0x4 /opt/st/stm32cubeide_1.5.1/plugins/com.st.stm32cube.ide.mcu.externaltools.gnu-tools-for-stm32.7-2018-q2-update.linux64_1.5.0.202011040924/tools/bin/../lib/gcc/arm-none-eabi/7.3.1/../../../../arm-none-eabi/lib/thumb/v7e-m/fpv4-sp/hard/libc_nano.a(lib_a-reent.o)
                0x0000000020004d5c                errno
                0x0000000020004d60                . = ALIGN (0x4)
                0x0000000020004d60                _ebss = .
                0x0000000020004d60                __bss_end__ = _ebss

._user_heap_stack
                0x0000000020004d60      0x600 load address 0x000000000800a25c
                0x0000000020004d60                . = ALIGN (0x8)
                [!provide]                        PROVIDE (end = .)
                0x0000000020004d60                PROVIDE (_end = .)
                0x0000000020004f60                . = (. + _Min_Heap_Size)
 *fill*         0x0000000020004d60      0x200 
                0x0000000020005360                . = (. + _Min_Stack_Size)
 *fill*         0x0000000020004f60      0x400 
                0x0000000020005360                . = ALIGN (0x8)

/DISCARD/
 libc.a(*)
 libm.a(*)
 libgcc.a(*)

.ARM.attributes
                0x0000000000000000       0x30
 *(.ARM.attributes)
 .ARM.attributes
                0x0000000000000000       0x22 /opt/st/stm32cubeide_1.5.1/plugins/com.st.stm32cube.ide.mcu.externaltools.gnu-tools-for-stm32.7-2018-q2-update.linux64_1.5.0.202011040924/tools/bin/../lib/gcc/arm-none-eabi/7.3.1/thumb/v7e-m/fpv4-sp/hard/crti.o
 .ARM.attributes
                0x0000000000000022       0x34 /opt/st/stm32cubeide_1.5.1/plugins/com.st.stm32cube.ide.mcu.externaltools.gnu-tools-for-stm32.7-2018-q2-update.linux64_1.5.0.202011040924/tools/bin/../lib/gcc/arm-none-eabi/7.3.1/thumb/v7e-m/fpv4-sp/hard/crtbegin.o
 .ARM.attributes
                0x0000000000000056       0x39 ComputerInterface/ComputerInterface.o
 .ARM.attributes
                0x000000000000008f       0x39 Core/Src/main.o
 .ARM.attributes
                0x00000000000000c8       0x39 Core/Src/stm32f4xx_hal_msp.o
 .ARM.attributes
                0x0000000000000101       0x39 Core/Src/stm32f4xx_hal_timebase_tim.o
 .ARM.attributes
                0x000000000000013a       0x39 Core/Src/stm32f4xx_it.o
 .ARM.attributes
                0x0000000000000173       0x39 Core/Src/sysmem.o
 .ARM.attributes
                0x00000000000001ac       0x39 Core/Src/system_stm32f4xx.o
 .ARM.attributes
                0x00000000000001e5       0x21 Core/Startup/startup_stm32f407vgtx.o
 .ARM.attributes
                0x0000000000000206       0x39 Drivers/STM32F4xx_HAL_Driver/Src/stm32f4xx_hal.o
 .ARM.attributes
                0x000000000000023f       0x39 Drivers/STM32F4xx_HAL_Driver/Src/stm32f4xx_hal_adc.o
 .ARM.attributes
                0x0000000000000278       0x39 Drivers/STM32F4xx_HAL_Driver/Src/stm32f4xx_hal_cortex.o
 .ARM.attributes
                0x00000000000002b1       0x39 Drivers/STM32F4xx_HAL_Driver/Src/stm32f4xx_hal_dma.o
 .ARM.attributes
                0x00000000000002ea       0x39 Drivers/STM32F4xx_HAL_Driver/Src/stm32f4xx_hal_gpio.o
 .ARM.attributes
                0x0000000000000323       0x39 Drivers/STM32F4xx_HAL_Driver/Src/stm32f4xx_hal_i2c.o
 .ARM.attributes
                0x000000000000035c       0x39 Drivers/STM32F4xx_HAL_Driver/Src/stm32f4xx_hal_rcc.o
 .ARM.attributes
                0x0000000000000395       0x39 Drivers/STM32F4xx_HAL_Driver/Src/stm32f4xx_hal_tim.o
 .ARM.attributes
                0x00000000000003ce       0x39 Drivers/STM32F4xx_HAL_Driver/Src/stm32f4xx_hal_tim_ex.o
 .ARM.attributes
                0x0000000000000407       0x39 Drivers/STM32F4xx_HAL_Driver/Src/stm32f4xx_hal_uart.o
 .ARM.attributes
                0x0000000000000440       0x39 Middlewares/Third_Party/FreeRTOS/Source/CMSIS_RTOS_V2/cmsis_os2.o
 .ARM.attributes
                0x0000000000000479       0x39 Middlewares/Third_Party/FreeRTOS/Source/list.o
 .ARM.attributes
                0x00000000000004b2       0x39 Middlewares/Third_Party/FreeRTOS/Source/queue.o
 .ARM.attributes
                0x00000000000004eb       0x39 Middlewares/Third_Party/FreeRTOS/Source/tasks.o
 .ARM.attributes
                0x0000000000000524       0x39 Middlewares/Third_Party/FreeRTOS/Source/timers.o
 .ARM.attributes
                0x000000000000055d       0x39 Middlewares/Third_Party/FreeRTOS/Source/portable/GCC/ARM_CM4F/port.o
 .ARM.attributes
                0x0000000000000596       0x39 Middlewares/Third_Party/FreeRTOS/Source/portable/MemMang/heap_4.o
 .ARM.attributes
                0x00000000000005cf       0x39 analogValuesController/analogValuesController.o
 .ARM.attributes
                0x0000000000000608       0x39 buttonController/buttonController.o
 .ARM.attributes
                0x0000000000000641       0x39 lcdDriver/lcdDriverInterface.o
 .ARM.attributes
                0x000000000000067a       0x39 lcdDriver/lcd_i2cModule.o
 .ARM.attributes
                0x00000000000006b3       0x39 motorDriverInterface/motorDriverInterface.o
 .ARM.attributes
                0x00000000000006ec       0x39 taskManagerInterface/taskManagerInterface.o
 .ARM.attributes
                0x0000000000000725       0x34 /opt/st/stm32cubeide_1.5.1/plugins/com.st.stm32cube.ide.mcu.externaltools.gnu-tools-for-stm32.7-2018-q2-update.linux64_1.5.0.202011040924/tools/bin/../lib/gcc/arm-none-eabi/7.3.1/../../../../arm-none-eabi/lib/thumb/v7e-m/fpv4-sp/hard/libc_nano.a(lib_a-errno.o)
 .ARM.attributes
                0x0000000000000759       0x34 /opt/st/stm32cubeide_1.5.1/plugins/com.st.stm32cube.ide.mcu.externaltools.gnu-tools-for-stm32.7-2018-q2-update.linux64_1.5.0.202011040924/tools/bin/../lib/gcc/arm-none-eabi/7.3.1/../../../../arm-none-eabi/lib/thumb/v7e-m/fpv4-sp/hard/libc_nano.a(lib_a-impure.o)
 .ARM.attributes
                0x000000000000078d       0x34 /opt/st/stm32cubeide_1.5.1/plugins/com.st.stm32cube.ide.mcu.externaltools.gnu-tools-for-stm32.7-2018-q2-update.linux64_1.5.0.202011040924/tools/bin/../lib/gcc/arm-none-eabi/7.3.1/../../../../arm-none-eabi/lib/thumb/v7e-m/fpv4-sp/hard/libc_nano.a(lib_a-init.o)
 .ARM.attributes
                0x00000000000007c1       0x34 /opt/st/stm32cubeide_1.5.1/plugins/com.st.stm32cube.ide.mcu.externaltools.gnu-tools-for-stm32.7-2018-q2-update.linux64_1.5.0.202011040924/tools/bin/../lib/gcc/arm-none-eabi/7.3.1/../../../../arm-none-eabi/lib/thumb/v7e-m/fpv4-sp/hard/libc_nano.a(lib_a-memcpy-stub.o)
 .ARM.attributes
                0x00000000000007f5       0x34 /opt/st/stm32cubeide_1.5.1/plugins/com.st.stm32cube.ide.mcu.externaltools.gnu-tools-for-stm32.7-2018-q2-update.linux64_1.5.0.202011040924/tools/bin/../lib/gcc/arm-none-eabi/7.3.1/../../../../arm-none-eabi/lib/thumb/v7e-m/fpv4-sp/hard/libc_nano.a(lib_a-memset.o)
 .ARM.attributes
                0x0000000000000829       0x34 /opt/st/stm32cubeide_1.5.1/plugins/com.st.stm32cube.ide.mcu.externaltools.gnu-tools-for-stm32.7-2018-q2-update.linux64_1.5.0.202011040924/tools/bin/../lib/gcc/arm-none-eabi/7.3.1/../../../../arm-none-eabi/lib/thumb/v7e-m/fpv4-sp/hard/libc_nano.a(lib_a-sprintf.o)
 .ARM.attributes
                0x000000000000085d       0x1b /opt/st/stm32cubeide_1.5.1/plugins/com.st.stm32cube.ide.mcu.externaltools.gnu-tools-for-stm32.7-2018-q2-update.linux64_1.5.0.202011040924/tools/bin/../lib/gcc/arm-none-eabi/7.3.1/../../../../arm-none-eabi/lib/thumb/v7e-m/fpv4-sp/hard/libc_nano.a(lib_a-strlen.o)
 .ARM.attributes
                0x0000000000000878       0x34 /opt/st/stm32cubeide_1.5.1/plugins/com.st.stm32cube.ide.mcu.externaltools.gnu-tools-for-stm32.7-2018-q2-update.linux64_1.5.0.202011040924/tools/bin/../lib/gcc/arm-none-eabi/7.3.1/../../../../arm-none-eabi/lib/thumb/v7e-m/fpv4-sp/hard/libc_nano.a(lib_a-nano-svfprintf.o)
 .ARM.attributes
                0x00000000000008ac       0x34 /opt/st/stm32cubeide_1.5.1/plugins/com.st.stm32cube.ide.mcu.externaltools.gnu-tools-for-stm32.7-2018-q2-update.linux64_1.5.0.202011040924/tools/bin/../lib/gcc/arm-none-eabi/7.3.1/../../../../arm-none-eabi/lib/thumb/v7e-m/fpv4-sp/hard/libc_nano.a(lib_a-nano-vfprintf_i.o)
 .ARM.attributes
                0x00000000000008e0       0x20 /opt/st/stm32cubeide_1.5.1/plugins/com.st.stm32cube.ide.mcu.externaltools.gnu-tools-for-stm32.7-2018-q2-update.linux64_1.5.0.202011040924/tools/bin/../lib/gcc/arm-none-eabi/7.3.1/../../../../arm-none-eabi/lib/thumb/v7e-m/fpv4-sp/hard/libc_nano.a(lib_a-memchr.o)
 .ARM.attributes