main.c:85:5:main	8	static
main.c:144:6:SystemClock_Config	88	static
main.c:188:13:MX_ADC1_Init	24	static
main.c:238:13:MX_ADC2_Init	24	static
main.c:288:13:MX_I2C1_Init	8	static
main.c:322:13:MX_I2C2_Init	8	static
main.c:356:13:MX_TIM2_Init	32	static
main.c:401:13:MX_UART4_Init	8	static
main.c:434:13:MX_UART5_Init	8	static
main.c:467:13:MX_USART1_UART_Init	8	static
main.c:500:13:MX_GPIO_Init	48	static
main.c:539:6:HAL_TIM_PeriodElapsedCallback	16	static
main.c:556:6:Error_Handler	4	static,ignoring_inline_asm
